2026-03-06T07:01:26.410132Z  WARN engine::tree: header td not found for block number, just return none current_number=94096484 current_hash=0x2674f6d1220adbff5a332d8fa381fda4cbf797b2ee218ad236d749f4d8bb68b4
2026-03-06T07:01:26.410198Z  WARN bsc::block_import: Failed to update fork choice: Unknown total difficulty for block 0x2674f6d1220adbff5a332d8fa381fda4cbf797b2ee218ad236d749f4d8bb68b4 at number 94096484
2026-03-06T07:01:28.862686Z  INFO reth_node_events::node: Received block from consensus engine number=94096486 hash=0x014afe53407e0b5ecc256a51bc5876638c2ec82f000fc902a4a1a82bb4d5114f
2026-03-06T07:01:28.866864Z  INFO bsc::slash_debug: reward_beneficiary per-tx detail block_number=94096486 gas_spent=21000 gas_refunded_raw=0 gas_used_for_fee=21000 effective_gas_price=3000000000 tx_fee=63000000000000 balance_before=0 balance_after=63000000000000 tx_type=0 tx_gas_price=3000000000 tx_gas_priority_fee=0
2026-03-06T07:01:28.866879Z  INFO bsc::slash_debug: execution_result gas refund detail block_number=94096486 gas_spent=21000 gas_refunded_in_result=0 gas_refunded=0 final_gas_used=21000 is_system_tx=false
2026-03-06T07:01:28.867174Z  INFO bsc::slash_debug: reward_beneficiary per-tx detail block_number=94096486 gas_spent=25754 gas_refunded_raw=0 gas_used_for_fee=25754 effective_gas_price=132000000 tx_fee=3399528000000 balance_before=0 balance_after=3399528000000 tx_type=2 tx_gas_price=132000000 tx_gas_priority_fee=132000000
2026-03-06T07:01:28.867189Z  INFO bsc::slash_debug: execution_result gas refund detail block_number=94096486 gas_spent=25754 gas_refunded_in_result=0 gas_refunded=0 final_gas_used=25754 is_system_tx=false
2026-03-06T07:01:28.867257Z  INFO bsc::slash_debug: reward_beneficiary per-tx detail block_number=94096486 gas_spent=132626 gas_refunded_raw=2800 gas_used_for_fee=129826 effective_gas_price=132000000 tx_fee=17137032000000 balance_before=0 balance_after=17137032000000 tx_type=2 tx_gas_price=132000000 tx_gas_priority_fee=132000000
2026-03-06T07:01:28.867291Z  INFO bsc::slash_debug: reward_beneficiary per-tx detail block_number=94096486 gas_spent=132626 gas_refunded_raw=2800 gas_used_for_fee=129826 effective_gas_price=132000000 tx_fee=17137032000000 balance_before=0 balance_after=17137032000000 tx_type=2 tx_gas_price=132000000 tx_gas_priority_fee=132000000
2026-03-06T07:01:28.867309Z  INFO bsc::slash_debug: execution_result gas refund detail block_number=94096486 gas_spent=132626 gas_refunded_in_result=2800 gas_refunded=2800 final_gas_used=129826 is_system_tx=false
2026-03-06T07:01:28.867311Z  INFO bsc::slash_debug: reward_beneficiary per-tx detail block_number=94096486 gas_spent=132626 gas_refunded_raw=2800 gas_used_for_fee=129826 effective_gas_price=132000000 tx_fee=17137032000000 balance_before=0 balance_after=17137032000000 tx_type=2 tx_gas_price=132000000 tx_gas_priority_fee=132000000
2026-03-06T07:01:28.867340Z  INFO bsc::slash_debug: execution_result gas refund detail block_number=94096486 gas_spent=132626 gas_refunded_in_result=2800 gas_refunded=2800 final_gas_used=129826 is_system_tx=false
2026-03-06T07:01:28.867343Z  INFO bsc::slash_debug: execution_result gas refund detail block_number=94096486 gas_spent=132626 gas_refunded_in_result=2800 gas_refunded=2800 final_gas_used=129826 is_system_tx=false
2026-03-06T07:01:28.867348Z  INFO bsc::slash_debug: reward_beneficiary per-tx detail block_number=94096486 gas_spent=39904 gas_refunded_raw=0 gas_used_for_fee=39904 effective_gas_price=100000000 tx_fee=3990400000000 balance_before=0 balance_after=3990400000000 tx_type=0 tx_gas_price=100000000 tx_gas_priority_fee=0
2026-03-06T07:01:28.867358Z  INFO bsc::slash_debug: execution_result gas refund detail block_number=94096486 gas_spent=39904 gas_refunded_in_result=0 gas_refunded=0 final_gas_used=39904 is_system_tx=false
2026-03-06T07:01:28.867378Z  INFO bsc::slash_debug: reward_beneficiary per-tx detail block_number=94096486 gas_spent=35031 gas_refunded_raw=0 gas_used_for_fee=35031 effective_gas_price=100000000 tx_fee=3503100000000 balance_before=0 balance_after=3503100000000 tx_type=0 tx_gas_price=100000000 tx_gas_priority_fee=0
2026-03-06T07:01:28.867389Z  INFO bsc::slash_debug: execution_result gas refund detail block_number=94096486 gas_spent=35031 gas_refunded_in_result=0 gas_refunded=0 final_gas_used=35031 is_system_tx=false
2026-03-06T07:01:28.867431Z  INFO bsc::slash_debug: reward_beneficiary per-tx detail block_number=94096486 gas_spent=39904 gas_refunded_raw=0 gas_used_for_fee=39904 effective_gas_price=100000000 tx_fee=3990400000000 balance_before=0 balance_after=3990400000000 tx_type=0 tx_gas_price=100000000 tx_gas_priority_fee=0
2026-03-06T07:01:28.867434Z  INFO bsc::slash_debug: reward_beneficiary per-tx detail block_number=94096486 gas_spent=132626 gas_refunded_raw=2800 gas_used_for_fee=129826 effective_gas_price=132000000 tx_fee=17137032000000 balance_before=0 balance_after=17137032000000 tx_type=2 tx_gas_price=132000000 tx_gas_priority_fee=132000000
2026-03-06T07:01:28.867440Z  INFO bsc::slash_debug: reward_beneficiary per-tx detail block_number=94096486 gas_spent=69427 gas_refunded_raw=2800 gas_used_for_fee=66627 effective_gas_price=120000000 tx_fee=7995240000000 balance_before=0 balance_after=7995240000000 tx_type=2 tx_gas_price=130000000 tx_gas_priority_fee=120000000
2026-03-06T07:01:28.867451Z  INFO bsc::slash_debug: execution_result gas refund detail block_number=94096486 gas_spent=69427 gas_refunded_in_result=2800 gas_refunded=2800 final_gas_used=66627 is_system_tx=false
2026-03-06T07:01:28.867453Z  INFO bsc::slash_debug: execution_result gas refund detail block_number=94096486 gas_spent=39904 gas_refunded_in_result=0 gas_refunded=0 final_gas_used=39904 is_system_tx=false
2026-03-06T07:01:28.867459Z  INFO bsc::slash_debug: execution_result gas refund detail block_number=94096486 gas_spent=132626 gas_refunded_in_result=2800 gas_refunded=2800 final_gas_used=129826 is_system_tx=false
2026-03-06T07:01:28.867507Z  INFO bsc::slash_debug: reward_beneficiary per-tx detail block_number=94096486 gas_spent=132626 gas_refunded_raw=2800 gas_used_for_fee=129826 effective_gas_price=132000000 tx_fee=17137032000000 balance_before=0 balance_after=17137032000000 tx_type=2 tx_gas_price=132000000 tx_gas_priority_fee=132000000
2026-03-06T07:01:28.867520Z  INFO bsc::slash_debug: execution_result gas refund detail block_number=94096486 gas_spent=132626 gas_refunded_in_result=2800 gas_refunded=2800 final_gas_used=129826 is_system_tx=false
2026-03-06T07:01:28.867929Z  INFO bsc::slash_debug: reward_beneficiary per-tx detail block_number=94096486 gas_spent=39904 gas_refunded_raw=0 gas_used_for_fee=39904 effective_gas_price=100000000 tx_fee=3990400000000 balance_before=0 balance_after=3990400000000 tx_type=0 tx_gas_price=100000000 tx_gas_priority_fee=0
2026-03-06T07:01:28.867944Z  INFO bsc::slash_debug: execution_result gas refund detail block_number=94096486 gas_spent=39904 gas_refunded_in_result=0 gas_refunded=0 final_gas_used=39904 is_system_tx=false
2026-03-06T07:01:28.868322Z  INFO bsc::slash_debug: reward_beneficiary per-tx detail block_number=94096486 gas_spent=39904 gas_refunded_raw=0 gas_used_for_fee=39904 effective_gas_price=100000000 tx_fee=3990400000000 balance_before=0 balance_after=3990400000000 tx_type=0 tx_gas_price=100000000 tx_gas_priority_fee=0
2026-03-06T07:01:28.868337Z  INFO bsc::slash_debug: execution_result gas refund detail block_number=94096486 gas_spent=39904 gas_refunded_in_result=0 gas_refunded=0 final_gas_used=39904 is_system_tx=false
2026-03-06T07:01:28.868501Z  INFO bsc::slash_debug: reward_beneficiary per-tx detail block_number=94096486 gas_spent=35031 gas_refunded_raw=0 gas_used_for_fee=35031 effective_gas_price=100000000 tx_fee=3503100000000 balance_before=0 balance_after=3503100000000 tx_type=0 tx_gas_price=100000000 tx_gas_priority_fee=0
2026-03-06T07:01:28.868510Z  INFO bsc::slash_debug: execution_result gas refund detail block_number=94096486 gas_spent=35031 gas_refunded_in_result=0 gas_refunded=0 final_gas_used=35031 is_system_tx=false
2026-03-06T07:01:28.868557Z  INFO bsc::slash_debug: reward_beneficiary per-tx detail block_number=94096486 gas_spent=35031 gas_refunded_raw=0 gas_used_for_fee=35031 effective_gas_price=100000000 tx_fee=3503100000000 balance_before=0 balance_after=3503100000000 tx_type=0 tx_gas_price=100000000 tx_gas_priority_fee=0
2026-03-06T07:01:28.868565Z  INFO bsc::slash_debug: execution_result gas refund detail block_number=94096486 gas_spent=35031 gas_refunded_in_result=0 gas_refunded=0 final_gas_used=35031 is_system_tx=false
2026-03-06T07:01:28.868574Z  INFO bsc::slash_debug: reward_beneficiary per-tx detail block_number=94096486 gas_spent=39904 gas_refunded_raw=0 gas_used_for_fee=39904 effective_gas_price=100000000 tx_fee=3990400000000 balance_before=0 balance_after=3990400000000 tx_type=0 tx_gas_price=100000000 tx_gas_priority_fee=0
2026-03-06T07:01:28.868580Z  INFO bsc::slash_debug: execution_result gas refund detail block_number=94096486 gas_spent=39904 gas_refunded_in_result=0 gas_refunded=0 final_gas_used=39904 is_system_tx=false
2026-03-06T07:01:28.868589Z  INFO bsc::slash_debug: reward_beneficiary per-tx detail block_number=94096486 gas_spent=39904 gas_refunded_raw=0 gas_used_for_fee=39904 effective_gas_price=100000000 tx_fee=3990400000000 balance_before=0 balance_after=3990400000000 tx_type=0 tx_gas_price=100000000 tx_gas_priority_fee=0
2026-03-06T07:01:28.868598Z  INFO bsc::slash_debug: execution_result gas refund detail block_number=94096486 gas_spent=39904 gas_refunded_in_result=0 gas_refunded=0 final_gas_used=39904 is_system_tx=false
2026-03-06T07:01:28.868659Z  INFO bsc::slash_debug: reward_beneficiary per-tx detail block_number=94096486 gas_spent=35031 gas_refunded_raw=0 gas_used_for_fee=35031 effective_gas_price=100000000 tx_fee=3503100000000 balance_before=0 balance_after=3503100000000 tx_type=0 tx_gas_price=100000000 tx_gas_priority_fee=0
2026-03-06T07:01:28.868710Z  INFO bsc::slash_debug: reward_beneficiary per-tx detail block_number=94096486 gas_spent=21000 gas_refunded_raw=0 gas_used_for_fee=21000 effective_gas_price=3000000000 tx_fee=63000000000000 balance_before=0 balance_after=63000000000000 tx_type=0 tx_gas_price=3000000000 tx_gas_priority_fee=0
2026-03-06T07:01:28.868719Z  INFO bsc::slash_debug: execution_result gas refund detail block_number=94096486 gas_spent=21000 gas_refunded_in_result=0 gas_refunded=0 final_gas_used=21000 is_system_tx=false
2026-03-06T07:01:28.868749Z  INFO bsc::slash_debug: reward_beneficiary per-tx detail block_number=94096486 gas_spent=35067 gas_refunded_raw=0 gas_used_for_fee=35067 effective_gas_price=100000000 tx_fee=3506700000000 balance_before=0 balance_after=3506700000000 tx_type=0 tx_gas_price=100000000 tx_gas_priority_fee=0
2026-03-06T07:01:28.868758Z  INFO bsc::slash_debug: execution_result gas refund detail block_number=94096486 gas_spent=35067 gas_refunded_in_result=0 gas_refunded=0 final_gas_used=35067 is_system_tx=false
2026-03-06T07:01:28.868777Z  INFO bsc::slash_debug: execution_result gas refund detail block_number=94096486 gas_spent=35031 gas_refunded_in_result=0 gas_refunded=0 final_gas_used=35031 is_system_tx=false
2026-03-06T07:01:28.868854Z  INFO bsc::slash_debug: reward_beneficiary per-tx detail block_number=94096486 gas_spent=132626 gas_refunded_raw=2800 gas_used_for_fee=129826 effective_gas_price=132000000 tx_fee=17137032000000 balance_before=63000000000000 balance_after=80137032000000 tx_type=2 tx_gas_price=132000000 tx_gas_priority_fee=132000000
2026-03-06T07:01:28.868862Z  INFO bsc::slash_debug: execution_result gas refund detail block_number=94096486 gas_spent=132626 gas_refunded_in_result=2800 gas_refunded=2800 final_gas_used=129826 is_system_tx=false
2026-03-06T07:01:28.868946Z  INFO bsc::slash_debug: reward_beneficiary per-tx detail block_number=94096486 gas_spent=132626 gas_refunded_raw=2800 gas_used_for_fee=129826 effective_gas_price=132000000 tx_fee=17137032000000 balance_before=80137032000000 balance_after=97274064000000 tx_type=2 tx_gas_price=132000000 tx_gas_priority_fee=132000000
2026-03-06T07:01:28.868951Z  INFO bsc::slash_debug: execution_result gas refund detail block_number=94096486 gas_spent=132626 gas_refunded_in_result=2800 gas_refunded=2800 final_gas_used=129826 is_system_tx=false
2026-03-06T07:01:28.869015Z  INFO bsc::slash_debug: reward_beneficiary per-tx detail block_number=94096486 gas_spent=132626 gas_refunded_raw=2800 gas_used_for_fee=129826 effective_gas_price=132000000 tx_fee=17137032000000 balance_before=97274064000000 balance_after=114411096000000 tx_type=2 tx_gas_price=132000000 tx_gas_priority_fee=132000000
2026-03-06T07:01:28.869026Z  INFO bsc::slash_debug: execution_result gas refund detail block_number=94096486 gas_spent=132626 gas_refunded_in_result=2800 gas_refunded=2800 final_gas_used=129826 is_system_tx=false
2026-03-06T07:01:28.869043Z  INFO bsc::slash_debug: reward_beneficiary per-tx detail block_number=94096486 gas_spent=35067 gas_refunded_raw=0 gas_used_for_fee=35067 effective_gas_price=100000000 tx_fee=3506700000000 balance_before=0 balance_after=3506700000000 tx_type=0 tx_gas_price=100000000 tx_gas_priority_fee=0
2026-03-06T07:01:28.869056Z  INFO bsc::slash_debug: execution_result gas refund detail block_number=94096486 gas_spent=35067 gas_refunded_in_result=0 gas_refunded=0 final_gas_used=35067 is_system_tx=false
2026-03-06T07:01:28.869087Z  INFO bsc::slash_debug: reward_beneficiary per-tx detail block_number=94096486 gas_spent=132626 gas_refunded_raw=2800 gas_used_for_fee=129826 effective_gas_price=132000000 tx_fee=17137032000000 balance_before=114411096000000 balance_after=131548128000000 tx_type=2 tx_gas_price=132000000 tx_gas_priority_fee=132000000
2026-03-06T07:01:28.869095Z  INFO bsc::slash_debug: execution_result gas refund detail block_number=94096486 gas_spent=132626 gas_refunded_in_result=2800 gas_refunded=2800 final_gas_used=129826 is_system_tx=false
2026-03-06T07:01:28.869110Z  INFO bsc::slash_debug: reward_beneficiary per-tx detail block_number=94096486 gas_spent=35031 gas_refunded_raw=0 gas_used_for_fee=35031 effective_gas_price=100000000 tx_fee=3503100000000 balance_before=0 balance_after=3503100000000 tx_type=0 tx_gas_price=100000000 tx_gas_priority_fee=0
2026-03-06T07:01:28.869117Z  INFO bsc::slash_debug: execution_result gas refund detail block_number=94096486 gas_spent=35031 gas_refunded_in_result=0 gas_refunded=0 final_gas_used=35031 is_system_tx=false
2026-03-06T07:01:28.869144Z  INFO bsc::slash_debug: reward_beneficiary per-tx detail block_number=94096486 gas_spent=39904 gas_refunded_raw=0 gas_used_for_fee=39904 effective_gas_price=100000000 tx_fee=3990400000000 balance_before=0 balance_after=3990400000000 tx_type=0 tx_gas_price=100000000 tx_gas_priority_fee=0
2026-03-06T07:01:28.869153Z  INFO bsc::slash_debug: reward_beneficiary per-tx detail block_number=94096486 gas_spent=39904 gas_refunded_raw=0 gas_used_for_fee=39904 effective_gas_price=100000000 tx_fee=3990400000000 balance_before=0 balance_after=3990400000000 tx_type=0 tx_gas_price=100000000 tx_gas_priority_fee=0
2026-03-06T07:01:28.869165Z  INFO bsc::slash_debug: execution_result gas refund detail block_number=94096486 gas_spent=39904 gas_refunded_in_result=0 gas_refunded=0 final_gas_used=39904 is_system_tx=false
2026-03-06T07:01:28.869171Z  INFO bsc::slash_debug: execution_result gas refund detail block_number=94096486 gas_spent=39904 gas_refunded_in_result=0 gas_refunded=0 final_gas_used=39904 is_system_tx=false
2026-03-06T07:01:28.869260Z  INFO bsc::slash_debug: reward_beneficiary per-tx detail block_number=94096486 gas_spent=39904 gas_refunded_raw=0 gas_used_for_fee=39904 effective_gas_price=100000000 tx_fee=3990400000000 balance_before=0 balance_after=3990400000000 tx_type=0 tx_gas_price=100000000 tx_gas_priority_fee=0
2026-03-06T07:01:28.869264Z  INFO bsc::slash_debug: reward_beneficiary per-tx detail block_number=94096486 gas_spent=35067 gas_refunded_raw=0 gas_used_for_fee=35067 effective_gas_price=100000000 tx_fee=3506700000000 balance_before=0 balance_after=3506700000000 tx_type=0 tx_gas_price=100000000 tx_gas_priority_fee=0
2026-03-06T07:01:28.869295Z  INFO bsc::slash_debug: reward_beneficiary per-tx detail block_number=94096486 gas_spent=35019 gas_refunded_raw=0 gas_used_for_fee=35019 effective_gas_price=100000000 tx_fee=3501900000000 balance_before=0 balance_after=3501900000000 tx_type=0 tx_gas_price=100000000 tx_gas_priority_fee=0
2026-03-06T07:01:28.869301Z  INFO bsc::slash_debug: execution_result gas refund detail block_number=94096486 gas_spent=35019 gas_refunded_in_result=0 gas_refunded=0 final_gas_used=35019 is_system_tx=false
2026-03-06T07:01:28.869313Z  INFO bsc::slash_debug: execution_result gas refund detail block_number=94096486 gas_spent=39904 gas_refunded_in_result=0 gas_refunded=0 final_gas_used=39904 is_system_tx=false
2026-03-06T07:01:28.869346Z  INFO bsc::slash_debug: reward_beneficiary per-tx detail block_number=94096486 gas_spent=132626 gas_refunded_raw=2800 gas_used_for_fee=129826 effective_gas_price=132000000 tx_fee=17137032000000 balance_before=131548128000000 balance_after=148685160000000 tx_type=2 tx_gas_price=132000000 tx_gas_priority_fee=132000000
2026-03-06T07:01:28.869353Z  INFO bsc::slash_debug: execution_result gas refund detail block_number=94096486 gas_spent=132626 gas_refunded_in_result=2800 gas_refunded=2800 final_gas_used=129826 is_system_tx=false
2026-03-06T07:01:28.869379Z  INFO bsc::slash_debug: reward_beneficiary per-tx detail block_number=94096486 gas_spent=431384 gas_refunded_raw=2800 gas_used_for_fee=428584 effective_gas_price=100000000 tx_fee=42858400000000 balance_before=0 balance_after=42858400000000 tx_type=0 tx_gas_price=100000000 tx_gas_priority_fee=0
2026-03-06T07:01:28.869392Z  INFO bsc::slash_debug: execution_result gas refund detail block_number=94096486 gas_spent=431384 gas_refunded_in_result=2800 gas_refunded=2800 final_gas_used=428584 is_system_tx=false
2026-03-06T07:01:28.869403Z  INFO bsc::slash_debug: reward_beneficiary per-tx detail block_number=94096486 gas_spent=25754 gas_refunded_raw=0 gas_used_for_fee=25754 effective_gas_price=132000000 tx_fee=3399528000000 balance_before=148685160000000 balance_after=152084688000000 tx_type=2 tx_gas_price=132000000 tx_gas_priority_fee=132000000
2026-03-06T07:01:28.869409Z  INFO bsc::slash_debug: execution_result gas refund detail block_number=94096486 gas_spent=25754 gas_refunded_in_result=0 gas_refunded=0 final_gas_used=25754 is_system_tx=false
2026-03-06T07:01:28.869416Z  INFO bsc::slash_debug: reward_beneficiary per-tx detail block_number=94096486 gas_spent=39904 gas_refunded_raw=0 gas_used_for_fee=39904 effective_gas_price=100000000 tx_fee=3990400000000 balance_before=0 balance_after=3990400000000 tx_type=0 tx_gas_price=100000000 tx_gas_priority_fee=0
2026-03-06T07:01:28.869425Z  INFO bsc::slash_debug: execution_result gas refund detail block_number=94096486 gas_spent=39904 gas_refunded_in_result=0 gas_refunded=0 final_gas_used=39904 is_system_tx=false
2026-03-06T07:01:28.869487Z  INFO bsc::slash_debug: reward_beneficiary per-tx detail block_number=94096486 gas_spent=69427 gas_refunded_raw=2800 gas_used_for_fee=66627 effective_gas_price=120000000 tx_fee=7995240000000 balance_before=152084688000000 balance_after=160079928000000 tx_type=2 tx_gas_price=130000000 tx_gas_priority_fee=120000000
2026-03-06T07:01:28.869492Z  INFO bsc::slash_debug: execution_result gas refund detail block_number=94096486 gas_spent=69427 gas_refunded_in_result=2800 gas_refunded=2800 final_gas_used=66627 is_system_tx=false
2026-03-06T07:01:28.869548Z  INFO bsc::slash_debug: reward_beneficiary per-tx detail block_number=94096486 gas_spent=39904 gas_refunded_raw=0 gas_used_for_fee=39904 effective_gas_price=100000000 tx_fee=3990400000000 balance_before=160079928000000 balance_after=164070328000000 tx_type=0 tx_gas_price=100000000 tx_gas_priority_fee=0
2026-03-06T07:01:28.869646Z  INFO bsc::slash_debug: execution_result gas refund detail block_number=94096486 gas_spent=39904 gas_refunded_in_result=0 gas_refunded=0 final_gas_used=39904 is_system_tx=false
2026-03-06T07:01:28.869680Z  INFO bsc::slash_debug: reward_beneficiary per-tx detail block_number=94096486 gas_spent=35031 gas_refunded_raw=0 gas_used_for_fee=35031 effective_gas_price=100000000 tx_fee=3503100000000 balance_before=164070328000000 balance_after=167573428000000 tx_type=0 tx_gas_price=100000000 tx_gas_priority_fee=0
2026-03-06T07:01:28.869692Z  INFO bsc::slash_debug: execution_result gas refund detail block_number=94096486 gas_spent=35031 gas_refunded_in_result=0 gas_refunded=0 final_gas_used=35031 is_system_tx=false
2026-03-06T07:01:28.869727Z  INFO bsc::slash_debug: reward_beneficiary per-tx detail block_number=94096486 gas_spent=39904 gas_refunded_raw=0 gas_used_for_fee=39904 effective_gas_price=100000000 tx_fee=3990400000000 balance_before=167573428000000 balance_after=171563828000000 tx_type=0 tx_gas_price=100000000 tx_gas_priority_fee=0
2026-03-06T07:01:28.869734Z  INFO bsc::slash_debug: execution_result gas refund detail block_number=94096486 gas_spent=39904 gas_refunded_in_result=0 gas_refunded=0 final_gas_used=39904 is_system_tx=false
2026-03-06T07:01:28.869765Z  INFO bsc::slash_debug: reward_beneficiary per-tx detail block_number=94096486 gas_spent=39904 gas_refunded_raw=0 gas_used_for_fee=39904 effective_gas_price=100000000 tx_fee=3990400000000 balance_before=171563828000000 balance_after=175554228000000 tx_type=0 tx_gas_price=100000000 tx_gas_priority_fee=0
2026-03-06T07:01:28.869769Z  INFO bsc::slash_debug: execution_result gas refund detail block_number=94096486 gas_spent=39904 gas_refunded_in_result=0 gas_refunded=0 final_gas_used=39904 is_system_tx=false
2026-03-06T07:01:28.869796Z  INFO bsc::slash_debug: reward_beneficiary per-tx detail block_number=94096486 gas_spent=39904 gas_refunded_raw=0 gas_used_for_fee=39904 effective_gas_price=100000000 tx_fee=3990400000000 balance_before=0 balance_after=3990400000000 tx_type=0 tx_gas_price=100000000 tx_gas_priority_fee=0
2026-03-06T07:01:28.869800Z  INFO bsc::slash_debug: reward_beneficiary per-tx detail block_number=94096486 gas_spent=39904 gas_refunded_raw=0 gas_used_for_fee=39904 effective_gas_price=100000000 tx_fee=3990400000000 balance_before=175554228000000 balance_after=179544628000000 tx_type=0 tx_gas_price=100000000 tx_gas_priority_fee=0
2026-03-06T07:01:28.869804Z  INFO bsc::slash_debug: execution_result gas refund detail block_number=94096486 gas_spent=39904 gas_refunded_in_result=0 gas_refunded=0 final_gas_used=39904 is_system_tx=false
2026-03-06T07:01:28.869809Z  INFO bsc::slash_debug: execution_result gas refund detail block_number=94096486 gas_spent=39904 gas_refunded_in_result=0 gas_refunded=0 final_gas_used=39904 is_system_tx=false
2026-03-06T07:01:28.869853Z  INFO bsc::slash_debug: reward_beneficiary per-tx detail block_number=94096486 gas_spent=39904 gas_refunded_raw=0 gas_used_for_fee=39904 effective_gas_price=100000000 tx_fee=3990400000000 balance_before=179544628000000 balance_after=183535028000000 tx_type=0 tx_gas_price=100000000 tx_gas_priority_fee=0
2026-03-06T07:01:28.869857Z  INFO bsc::slash_debug: execution_result gas refund detail block_number=94096486 gas_spent=39904 gas_refunded_in_result=0 gas_refunded=0 final_gas_used=39904 is_system_tx=false
2026-03-06T07:01:28.869878Z  INFO bsc::slash_debug: reward_beneficiary per-tx detail block_number=94096486 gas_spent=35031 gas_refunded_raw=0 gas_used_for_fee=35031 effective_gas_price=100000000 tx_fee=3503100000000 balance_before=183535028000000 balance_after=187038128000000 tx_type=0 tx_gas_price=100000000 tx_gas_priority_fee=0
2026-03-06T07:01:28.869888Z  INFO bsc::slash_debug: execution_result gas refund detail block_number=94096486 gas_spent=35031 gas_refunded_in_result=0 gas_refunded=0 final_gas_used=35031 is_system_tx=false
2026-03-06T07:01:28.869916Z  INFO bsc::slash_debug: reward_beneficiary per-tx detail block_number=94096486 gas_spent=39904 gas_refunded_raw=0 gas_used_for_fee=39904 effective_gas_price=100000000 tx_fee=3990400000000 balance_before=187038128000000 balance_after=191028528000000 tx_type=0 tx_gas_price=100000000 tx_gas_priority_fee=0
2026-03-06T07:01:28.869926Z  INFO bsc::slash_debug: execution_result gas refund detail block_number=94096486 gas_spent=39904 gas_refunded_in_result=0 gas_refunded=0 final_gas_used=39904 is_system_tx=false
2026-03-06T07:01:28.869979Z  INFO bsc::slash_debug: reward_beneficiary per-tx detail block_number=94096486 gas_spent=35031 gas_refunded_raw=0 gas_used_for_fee=35031 effective_gas_price=100000000 tx_fee=3503100000000 balance_before=191028528000000 balance_after=194531628000000 tx_type=0 tx_gas_price=100000000 tx_gas_priority_fee=0
2026-03-06T07:01:28.870005Z  INFO bsc::slash_debug: execution_result gas refund detail block_number=94096486 gas_spent=35031 gas_refunded_in_result=0 gas_refunded=0 final_gas_used=35031 is_system_tx=false
2026-03-06T07:01:28.870039Z  INFO bsc::slash_debug: execution_result gas refund detail block_number=94096486 gas_spent=35067 gas_refunded_in_result=0 gas_refunded=0 final_gas_used=35067 is_system_tx=false
2026-03-06T07:01:28.870085Z  INFO bsc::slash_debug: reward_beneficiary per-tx detail block_number=94096486 gas_spent=39904 gas_refunded_raw=0 gas_used_for_fee=39904 effective_gas_price=100000000 tx_fee=3990400000000 balance_before=194531628000000 balance_after=198522028000000 tx_type=0 tx_gas_price=100000000 tx_gas_priority_fee=0
2026-03-06T07:01:28.870112Z  INFO bsc::slash_debug: execution_result gas refund detail block_number=94096486 gas_spent=39904 gas_refunded_in_result=0 gas_refunded=0 final_gas_used=39904 is_system_tx=false
2026-03-06T07:01:28.870151Z  INFO bsc::slash_debug: reward_beneficiary per-tx detail block_number=94096486 gas_spent=35067 gas_refunded_raw=0 gas_used_for_fee=35067 effective_gas_price=100000000 tx_fee=3506700000000 balance_before=198522028000000 balance_after=202028728000000 tx_type=0 tx_gas_price=100000000 tx_gas_priority_fee=0
2026-03-06T07:01:28.870158Z  INFO bsc::slash_debug: execution_result gas refund detail block_number=94096486 gas_spent=35067 gas_refunded_in_result=0 gas_refunded=0 final_gas_used=35067 is_system_tx=false
2026-03-06T07:01:28.870182Z  INFO bsc::slash_debug: reward_beneficiary per-tx detail block_number=94096486 gas_spent=35031 gas_refunded_raw=0 gas_used_for_fee=35031 effective_gas_price=100000000 tx_fee=3503100000000 balance_before=202028728000000 balance_after=205531828000000 tx_type=0 tx_gas_price=100000000 tx_gas_priority_fee=0
2026-03-06T07:01:28.870188Z  INFO bsc::slash_debug: execution_result gas refund detail block_number=94096486 gas_spent=35031 gas_refunded_in_result=0 gas_refunded=0 final_gas_used=35031 is_system_tx=false
2026-03-06T07:01:28.870226Z  INFO bsc::slash_debug: reward_beneficiary per-tx detail block_number=94096486 gas_spent=39904 gas_refunded_raw=0 gas_used_for_fee=39904 effective_gas_price=100000000 tx_fee=3990400000000 balance_before=205531828000000 balance_after=209522228000000 tx_type=0 tx_gas_price=100000000 tx_gas_priority_fee=0
2026-03-06T07:01:28.870231Z  INFO bsc::slash_debug: execution_result gas refund detail block_number=94096486 gas_spent=39904 gas_refunded_in_result=0 gas_refunded=0 final_gas_used=39904 is_system_tx=false
2026-03-06T07:01:28.870496Z  INFO bsc::slash_debug: reward_beneficiary per-tx detail block_number=94096486 gas_spent=431384 gas_refunded_raw=2800 gas_used_for_fee=428584 effective_gas_price=100000000 tx_fee=42858400000000 balance_before=209522228000000 balance_after=252380628000000 tx_type=0 tx_gas_price=100000000 tx_gas_priority_fee=0
2026-03-06T07:01:28.870508Z  INFO bsc::slash_debug: execution_result gas refund detail block_number=94096486 gas_spent=431384 gas_refunded_in_result=2800 gas_refunded=2800 final_gas_used=428584 is_system_tx=false
2026-03-06T07:01:28.870548Z  INFO bsc::slash_debug: reward_beneficiary per-tx detail block_number=94096486 gas_spent=39904 gas_refunded_raw=0 gas_used_for_fee=39904 effective_gas_price=100000000 tx_fee=3990400000000 balance_before=252380628000000 balance_after=256371028000000 tx_type=0 tx_gas_price=100000000 tx_gas_priority_fee=0
2026-03-06T07:01:28.870558Z  INFO bsc::slash_debug: execution_result gas refund detail block_number=94096486 gas_spent=39904 gas_refunded_in_result=0 gas_refunded=0 final_gas_used=39904 is_system_tx=false
2026-03-06T07:01:28.870578Z  INFO bsc::slash_debug: reward_beneficiary per-tx detail block_number=94096486 gas_spent=35067 gas_refunded_raw=0 gas_used_for_fee=35067 effective_gas_price=100000000 tx_fee=3506700000000 balance_before=256371028000000 balance_after=259877728000000 tx_type=0 tx_gas_price=100000000 tx_gas_priority_fee=0
2026-03-06T07:01:28.870588Z  INFO bsc::slash_debug: execution_result gas refund detail block_number=94096486 gas_spent=35067 gas_refunded_in_result=0 gas_refunded=0 final_gas_used=35067 is_system_tx=false
2026-03-06T07:01:28.870644Z  INFO bsc::slash_debug: reward_beneficiary per-tx detail block_number=94096486 gas_spent=35031 gas_refunded_raw=0 gas_used_for_fee=35031 effective_gas_price=100000000 tx_fee=3503100000000 balance_before=259877728000000 balance_after=263380828000000 tx_type=0 tx_gas_price=100000000 tx_gas_priority_fee=0
2026-03-06T07:01:28.870656Z  INFO bsc::slash_debug: execution_result gas refund detail block_number=94096486 gas_spent=35031 gas_refunded_in_result=0 gas_refunded=0 final_gas_used=35031 is_system_tx=false
2026-03-06T07:01:28.870697Z  INFO bsc::slash_debug: reward_beneficiary per-tx detail block_number=94096486 gas_spent=39904 gas_refunded_raw=0 gas_used_for_fee=39904 effective_gas_price=100000000 tx_fee=3990400000000 balance_before=263380828000000 balance_after=267371228000000 tx_type=0 tx_gas_price=100000000 tx_gas_priority_fee=0
2026-03-06T07:01:28.870707Z  INFO bsc::slash_debug: execution_result gas refund detail block_number=94096486 gas_spent=39904 gas_refunded_in_result=0 gas_refunded=0 final_gas_used=39904 is_system_tx=false
2026-03-06T07:01:28.870740Z  INFO bsc::slash_debug: reward_beneficiary per-tx detail block_number=94096486 gas_spent=39904 gas_refunded_raw=0 gas_used_for_fee=39904 effective_gas_price=100000000 tx_fee=3990400000000 balance_before=267371228000000 balance_after=271361628000000 tx_type=0 tx_gas_price=100000000 tx_gas_priority_fee=0
2026-03-06T07:01:28.870752Z  INFO bsc::slash_debug: execution_result gas refund detail block_number=94096486 gas_spent=39904 gas_refunded_in_result=0 gas_refunded=0 final_gas_used=39904 is_system_tx=false
2026-03-06T07:01:28.870773Z  INFO bsc::slash_debug: reward_beneficiary per-tx detail block_number=94096486 gas_spent=35067 gas_refunded_raw=0 gas_used_for_fee=35067 effective_gas_price=100000000 tx_fee=3506700000000 balance_before=271361628000000 balance_after=274868328000000 tx_type=0 tx_gas_price=100000000 tx_gas_priority_fee=0
2026-03-06T07:01:28.870782Z  INFO bsc::slash_debug: execution_result gas refund detail block_number=94096486 gas_spent=35067 gas_refunded_in_result=0 gas_refunded=0 final_gas_used=35067 is_system_tx=false
2026-03-06T07:01:28.870811Z  INFO bsc::slash_debug: reward_beneficiary per-tx detail block_number=94096486 gas_spent=35019 gas_refunded_raw=0 gas_used_for_fee=35019 effective_gas_price=100000000 tx_fee=3501900000000 balance_before=274868328000000 balance_after=278370228000000 tx_type=0 tx_gas_price=100000000 tx_gas_priority_fee=0
2026-03-06T07:01:28.870825Z  INFO bsc::slash_debug: execution_result gas refund detail block_number=94096486 gas_spent=35019 gas_refunded_in_result=0 gas_refunded=0 final_gas_used=35019 is_system_tx=false
2026-03-06T07:01:28.870863Z  INFO bsc::slash_debug: post_check_new_block entry state block_number=94096486 parent_hash=0xb1c6447c07ba92573ffb6c8f41ef4da4e78fdef82f6e13d8f1a6844723258370 parent_number=Some(94096485) sys_balance_at_post_check=278370228000000 system_txs_count=2 gas_used_so_far=1945414 beneficiary=0x1a3d9d7a717d64e6088ac937d5aacdd3e20ca963 difficulty=1
2026-03-06T07:01:28.871144Z  INFO bsc::evm: Slash spoiled validator block_number=94096486 block_hash=Some(0x014afe53407e0b5ecc256a51bc5876638c2ec82f000fc902a4a1a82bb4d5114f) spoiled_validator=0x798443fb327cad5dfd47ca4ddb15bb876d6c40e0 backoff_validator=0x1a3d9d7a717d64e6088ac937d5aacdd3e20ca963
2026-03-06T07:01:28.871155Z  INFO bsc::slash_debug: distribute_incoming SYSTEM_ADDRESS balance before drain block_number=94096486 sys_balance=278370228000000 is_miner=false validator=0x1a3d9d7a717d64e6088ac937d5aacdd3e20ca963 sys_account_exists=true
2026-03-06T07:01:28.871165Z  INFO bsc::slash_debug: distribute_incoming drained block_reward block_number=94096486 block_reward=278370228000000 is_miner=false
2026-03-06T07:01:28.874777Z  INFO engine::tree: State root task finished state_root=0x3dffdd356707e13bce2d0b36994c1c014d018ced4bf46112c68a691e20d22150 elapsed=2.660701ms
2026-03-06T07:01:28.874977Z  INFO reth_node_events::node: Block added to canonical chain number=94096486 hash=0x014afe53407e0b5ecc256a51bc5876638c2ec82f000fc902a4a1a82bb4d5114f peers=2 txs=31 gas_used=2.04Mgas gas_throughput=169.29Mgas/second gas_limit=100.29Mgas full=2.0% base_fee=0.00Gwei blobs=0 excess_blobs=0 elapsed=12.061181ms
2026-03-06T07:01:28.875235Z  WARN engine::tree: header td not found for block number, just return none current_number=94096484 current_hash=0x2674f6d1220adbff5a332d8fa381fda4cbf797b2ee218ad236d749f4d8bb68b4
2026-03-06T07:01:28.875306Z  INFO bsc::forkchoice: Fork choice decision made by fast finality need_reorg=true incoming_number=94096486 incoming_hash=0x014afe53407e0b5ecc256a51bc5876638c2ec82f000fc902a4a1a82bb4d5114f current_number=94096484 current_hash=0x2674f6d1220adbff5a332d8fa381fda4cbf797b2ee218ad236d749f4d8bb68b4 method="fast_finality"
2026-03-06T07:01:28.875344Z  INFO bsc::forkchoice: Reorg detected and metrics recorded incoming_number=94096486 incoming_hash=0x014afe53407e0b5ecc256a51bc5876638c2ec82f000fc902a4a1a82bb4d5114f current_number=94096484 current_hash=0x2674f6d1220adbff5a332d8fa381fda4cbf797b2ee218ad236d749f4d8bb68b4 reorg_depth=2
2026-03-06T07:01:28.875580Z  INFO reth_node_events::node: Canonical chain committed number=94096486 hash=0x014afe53407e0b5ecc256a51bc5876638c2ec82f000fc902a4a1a82bb4d5114f elapsed=70.181µs
2026-03-06T07:01:28.877177Z  INFO bsc::slash_debug: reward_beneficiary per-tx detail block_number=94096487 gas_spent=53913 gas_refunded_raw=0 gas_used_for_fee=53913 effective_gas_price=1000000000 tx_fee=53913000000000 balance_before=0 balance_after=53913000000000 tx_type=2 tx_gas_price=1000000000 tx_gas_priority_fee=1000000000
2026-03-06T07:01:28.877189Z  INFO bsc::slash_debug: execution_result gas refund detail block_number=94096487 gas_spent=53913 gas_refunded_in_result=0 gas_refunded=0 final_gas_used=53913 is_system_tx=false
2026-03-06T07:01:28.877212Z  INFO bsc::slash_debug: finalize_new_block (miner) entry state block_number=94096487 parent_hash=0x014afe53407e0b5ecc256a51bc5876638c2ec82f000fc902a4a1a82bb4d5114f parent_number=Some(94096486) sys_balance_at_finalize=53913000000000 gas_used_so_far=53913 beneficiary=0x798443fb327cad5dfd47ca4ddb15bb876d6c40e0