2026-03-10T01:07:45.459554Z  INFO reth_node_events::node: Block added to canonical chain number=94816402 hash=0x103362b262e51da6937b4b0984ca9bd0ca2e249d60713b054bf7129cc841ac53 peers=6 txs=8 gas_used=544.56Kgas gas_throughput=72.82Mgas/second gas_limit=100.29Mgas full=0.5% base_fee=0.00Gwei blobs=0 excess_blobs=0 elapsed=7.477673ms
2026-03-10T01:07:45.459915Z  WARN engine::tree: header td not found for block number, just return none current_number=94816401 current_hash=0x19d50fdc91bfef2da8789adac2784c09fa228deb4d4c96f56a093844c68afcec
2026-03-10T01:07:45.459986Z  WARN bsc::block_import: Failed to update fork choice: Unknown total difficulty for block 0x19d50fdc91bfef2da8789adac2784c09fa228deb4d4c96f56a093844c68afcec at number 94816401
2026-03-10T01:07:45.501799Z  INFO bsc::miner: Succeed to submit delayed block block_number=94816391 block_hash=0x87797a74f9ff10a3af9b412f18a72309b5b25ced50b0e6be884329eff4a058f0
2026-03-10T01:07:48.099480Z  INFO reth_node_events::node: Received block from consensus engine number=94816403 hash=0x93165c722e0c2cd535211954f5ed505b83b1a7c0939743d2edc4f39ab588083c
2026-03-10T01:07:48.104517Z  INFO bsc::slash_debug: reward_beneficiary per-tx detail block_number=94816403 gas_spent=35031 gas_refunded_raw=0 gas_used_for_fee=35031 effective_gas_price=100000000 tx_fee=3503100000000 balance_before=0 balance_after=3503100000000 tx_type=0 tx_gas_price=100000000 tx_gas_priority_fee=0
2026-03-10T01:07:48.104533Z  INFO bsc::slash_debug: execution_result gas refund detail block_number=94816403 gas_spent=35031 gas_refunded_in_result=0 gas_refunded=0 final_gas_used=35031 is_system_tx=false
2026-03-10T01:07:48.104618Z  INFO bsc::slash_debug: reward_beneficiary per-tx detail block_number=94816403 gas_spent=39904 gas_refunded_raw=0 gas_used_for_fee=39904 effective_gas_price=100000000 tx_fee=3990400000000 balance_before=0 balance_after=3990400000000 tx_type=0 tx_gas_price=100000000 tx_gas_priority_fee=0
2026-03-10T01:07:48.104635Z  INFO bsc::slash_debug: execution_result gas refund detail block_number=94816403 gas_spent=39904 gas_refunded_in_result=0 gas_refunded=0 final_gas_used=39904 is_system_tx=false
2026-03-10T01:07:48.104646Z  INFO bsc::slash_debug: reward_beneficiary per-tx detail block_number=94816403 gas_spent=39904 gas_refunded_raw=0 gas_used_for_fee=39904 effective_gas_price=100000000 tx_fee=3990400000000 balance_before=0 balance_after=3990400000000 tx_type=0 tx_gas_price=100000000 tx_gas_priority_fee=0
2026-03-10T01:07:48.104657Z  INFO bsc::slash_debug: execution_result gas refund detail block_number=94816403 gas_spent=39904 gas_refunded_in_result=0 gas_refunded=0 final_gas_used=39904 is_system_tx=false
2026-03-10T01:07:48.104701Z  INFO bsc::slash_debug: reward_beneficiary per-tx detail block_number=94816403 gas_spent=39892 gas_refunded_raw=0 gas_used_for_fee=39892 effective_gas_price=100000000 tx_fee=3989200000000 balance_before=0 balance_after=3989200000000 tx_type=0 tx_gas_price=100000000 tx_gas_priority_fee=0
2026-03-10T01:07:48.104722Z  INFO bsc::slash_debug: execution_result gas refund detail block_number=94816403 gas_spent=39892 gas_refunded_in_result=0 gas_refunded=0 final_gas_used=39892 is_system_tx=false
2026-03-10T01:07:48.104721Z  INFO bsc::slash_debug: reward_beneficiary per-tx detail block_number=94816403 gas_spent=35067 gas_refunded_raw=0 gas_used_for_fee=35067 effective_gas_price=100000000 tx_fee=3506700000000 balance_before=0 balance_after=3506700000000 tx_type=0 tx_gas_price=100000000 tx_gas_priority_fee=0
2026-03-10T01:07:48.104751Z  INFO bsc::slash_debug: reward_beneficiary per-tx detail block_number=94816403 gas_spent=132626 gas_refunded_raw=2800 gas_used_for_fee=129826 effective_gas_price=132000000 tx_fee=17137032000000 balance_before=0 balance_after=17137032000000 tx_type=2 tx_gas_price=132000000 tx_gas_priority_fee=132000000
2026-03-10T01:07:48.104769Z  INFO bsc::slash_debug: reward_beneficiary per-tx detail block_number=94816403 gas_spent=132626 gas_refunded_raw=2800 gas_used_for_fee=129826 effective_gas_price=132000000 tx_fee=17137032000000 balance_before=0 balance_after=17137032000000 tx_type=2 tx_gas_price=132000000 tx_gas_priority_fee=132000000
2026-03-10T01:07:48.104777Z  INFO bsc::slash_debug: execution_result gas refund detail block_number=94816403 gas_spent=132626 gas_refunded_in_result=2800 gas_refunded=2800 final_gas_used=129826 is_system_tx=false
2026-03-10T01:07:48.104790Z  INFO bsc::slash_debug: reward_beneficiary per-tx detail block_number=94816403 gas_spent=39904 gas_refunded_raw=0 gas_used_for_fee=39904 effective_gas_price=100000000 tx_fee=3990400000000 balance_before=0 balance_after=3990400000000 tx_type=0 tx_gas_price=100000000 tx_gas_priority_fee=0
2026-03-10T01:07:48.104803Z  INFO bsc::slash_debug: execution_result gas refund detail block_number=94816403 gas_spent=39904 gas_refunded_in_result=0 gas_refunded=0 final_gas_used=39904 is_system_tx=false
2026-03-10T01:07:48.104803Z  INFO bsc::slash_debug: execution_result gas refund detail block_number=94816403 gas_spent=35067 gas_refunded_in_result=0 gas_refunded=0 final_gas_used=35067 is_system_tx=false
2026-03-10T01:07:48.104815Z  INFO bsc::slash_debug: execution_result gas refund detail block_number=94816403 gas_spent=132626 gas_refunded_in_result=2800 gas_refunded=2800 final_gas_used=129826 is_system_tx=false
2026-03-10T01:07:48.104834Z  INFO bsc::slash_debug: reward_beneficiary per-tx detail block_number=94816403 gas_spent=39904 gas_refunded_raw=0 gas_used_for_fee=39904 effective_gas_price=100000000 tx_fee=3990400000000 balance_before=0 balance_after=3990400000000 tx_type=0 tx_gas_price=100000000 tx_gas_priority_fee=0
2026-03-10T01:07:48.104846Z  INFO bsc::slash_debug: execution_result gas refund detail block_number=94816403 gas_spent=39904 gas_refunded_in_result=0 gas_refunded=0 final_gas_used=39904 is_system_tx=false
2026-03-10T01:07:48.104972Z  INFO bsc::slash_debug: reward_beneficiary per-tx detail block_number=94816403 gas_spent=39904 gas_refunded_raw=0 gas_used_for_fee=39904 effective_gas_price=100000000 tx_fee=3990400000000 balance_before=0 balance_after=3990400000000 tx_type=0 tx_gas_price=100000000 tx_gas_priority_fee=0
2026-03-10T01:07:48.104982Z  INFO bsc::slash_debug: execution_result gas refund detail block_number=94816403 gas_spent=39904 gas_refunded_in_result=0 gas_refunded=0 final_gas_used=39904 is_system_tx=false
2026-03-10T01:07:48.105032Z  INFO bsc::slash_debug: reward_beneficiary per-tx detail block_number=94816403 gas_spent=226703 gas_refunded_raw=9600 gas_used_for_fee=217103 effective_gas_price=100000000 tx_fee=21710300000000 balance_before=0 balance_after=21710300000000 tx_type=0 tx_gas_price=100000000 tx_gas_priority_fee=0
2026-03-10T01:07:48.105039Z  INFO bsc::slash_debug: execution_result gas refund detail block_number=94816403 gas_spent=226703 gas_refunded_in_result=9600 gas_refunded=9600 final_gas_used=217103 is_system_tx=false
2026-03-10T01:07:48.105050Z  INFO bsc::slash_debug: reward_beneficiary per-tx detail block_number=94816403 gas_spent=129591 gas_refunded_raw=2800 gas_used_for_fee=126791 effective_gas_price=100000000 tx_fee=12679100000000 balance_before=0 balance_after=12679100000000 tx_type=0 tx_gas_price=100000000 tx_gas_priority_fee=0
2026-03-10T01:07:48.105056Z  INFO bsc::slash_debug: execution_result gas refund detail block_number=94816403 gas_spent=129591 gas_refunded_in_result=2800 gas_refunded=2800 final_gas_used=126791 is_system_tx=false
2026-03-10T01:07:48.105084Z  INFO bsc::slash_debug: reward_beneficiary per-tx detail block_number=94816403 gas_spent=39904 gas_refunded_raw=0 gas_used_for_fee=39904 effective_gas_price=100000000 tx_fee=3990400000000 balance_before=0 balance_after=3990400000000 tx_type=0 tx_gas_price=100000000 tx_gas_priority_fee=0
2026-03-10T01:07:48.105089Z  INFO bsc::slash_debug: execution_result gas refund detail block_number=94816403 gas_spent=39904 gas_refunded_in_result=0 gas_refunded=0 final_gas_used=39904 is_system_tx=false
2026-03-10T01:07:48.105095Z  INFO bsc::slash_debug: reward_beneficiary per-tx detail block_number=94816403 gas_spent=39904 gas_refunded_raw=0 gas_used_for_fee=39904 effective_gas_price=100000000 tx_fee=3990400000000 balance_before=0 balance_after=3990400000000 tx_type=0 tx_gas_price=100000000 tx_gas_priority_fee=0
2026-03-10T01:07:48.105100Z  INFO bsc::slash_debug: execution_result gas refund detail block_number=94816403 gas_spent=39904 gas_refunded_in_result=0 gas_refunded=0 final_gas_used=39904 is_system_tx=false
2026-03-10T01:07:48.105129Z  INFO bsc::slash_debug: reward_beneficiary per-tx detail block_number=94816403 gas_spent=163791 gas_refunded_raw=2800 gas_used_for_fee=160991 effective_gas_price=100000000 tx_fee=16099100000000 balance_before=0 balance_after=16099100000000 tx_type=0 tx_gas_price=100000000 tx_gas_priority_fee=0
2026-03-10T01:07:48.105141Z  INFO bsc::slash_debug: execution_result gas refund detail block_number=94816403 gas_spent=163791 gas_refunded_in_result=2800 gas_refunded=2800 final_gas_used=160991 is_system_tx=false
2026-03-10T01:07:48.105262Z  INFO bsc::slash_debug: reward_beneficiary per-tx detail block_number=94816403 gas_spent=35031 gas_refunded_raw=0 gas_used_for_fee=35031 effective_gas_price=100000000 tx_fee=3503100000000 balance_before=0 balance_after=3503100000000 tx_type=0 tx_gas_price=100000000 tx_gas_priority_fee=0
2026-03-10T01:07:48.105275Z  INFO bsc::slash_debug: reward_beneficiary per-tx detail block_number=94816403 gas_spent=35067 gas_refunded_raw=0 gas_used_for_fee=35067 effective_gas_price=100000000 tx_fee=3506700000000 balance_before=0 balance_after=3506700000000 tx_type=0 tx_gas_price=100000000 tx_gas_priority_fee=0
2026-03-10T01:07:48.105281Z  INFO bsc::slash_debug: execution_result gas refund detail block_number=94816403 gas_spent=35067 gas_refunded_in_result=0 gas_refunded=0 final_gas_used=35067 is_system_tx=false
2026-03-10T01:07:48.105287Z  INFO bsc::slash_debug: execution_result gas refund detail block_number=94816403 gas_spent=35031 gas_refunded_in_result=0 gas_refunded=0 final_gas_used=35031 is_system_tx=false
2026-03-10T01:07:48.105312Z  INFO bsc::slash_debug: reward_beneficiary per-tx detail block_number=94816403 gas_spent=46296 gas_refunded_raw=0 gas_used_for_fee=46296 effective_gas_price=100000000 tx_fee=4629600000000 balance_before=0 balance_after=4629600000000 tx_type=0 tx_gas_price=100000000 tx_gas_priority_fee=0
2026-03-10T01:07:48.105319Z  INFO bsc::slash_debug: execution_result gas refund detail block_number=94816403 gas_spent=46296 gas_refunded_in_result=0 gas_refunded=0 final_gas_used=46296 is_system_tx=false
2026-03-10T01:07:48.105374Z  INFO bsc::slash_debug: reward_beneficiary per-tx detail block_number=94816403 gas_spent=129591 gas_refunded_raw=2800 gas_used_for_fee=126791 effective_gas_price=100000000 tx_fee=12679100000000 balance_before=0 balance_after=12679100000000 tx_type=0 tx_gas_price=100000000 tx_gas_priority_fee=0
2026-03-10T01:07:48.105380Z  INFO bsc::slash_debug: execution_result gas refund detail block_number=94816403 gas_spent=129591 gas_refunded_in_result=2800 gas_refunded=2800 final_gas_used=126791 is_system_tx=false
2026-03-10T01:07:48.105398Z  INFO bsc::slash_debug: reward_beneficiary per-tx detail block_number=94816403 gas_spent=39904 gas_refunded_raw=0 gas_used_for_fee=39904 effective_gas_price=100000000 tx_fee=3990400000000 balance_before=0 balance_after=3990400000000 tx_type=0 tx_gas_price=100000000 tx_gas_priority_fee=0
2026-03-10T01:07:48.105405Z  INFO bsc::slash_debug: execution_result gas refund detail block_number=94816403 gas_spent=39904 gas_refunded_in_result=0 gas_refunded=0 final_gas_used=39904 is_system_tx=false
2026-03-10T01:07:48.105410Z  INFO bsc::slash_debug: reward_beneficiary per-tx detail block_number=94816403 gas_spent=35067 gas_refunded_raw=0 gas_used_for_fee=35067 effective_gas_price=100000000 tx_fee=3506700000000 balance_before=0 balance_after=3506700000000 tx_type=0 tx_gas_price=100000000 tx_gas_priority_fee=0
2026-03-10T01:07:48.105413Z  INFO bsc::slash_debug: reward_beneficiary per-tx detail block_number=94816403 gas_spent=35067 gas_refunded_raw=0 gas_used_for_fee=35067 effective_gas_price=100000000 tx_fee=3506700000000 balance_before=0 balance_after=3506700000000 tx_type=0 tx_gas_price=100000000 tx_gas_priority_fee=0
2026-03-10T01:07:48.105419Z  INFO bsc::slash_debug: execution_result gas refund detail block_number=94816403 gas_spent=35067 gas_refunded_in_result=0 gas_refunded=0 final_gas_used=35067 is_system_tx=false
2026-03-10T01:07:48.105421Z  INFO bsc::slash_debug: execution_result gas refund detail block_number=94816403 gas_spent=35067 gas_refunded_in_result=0 gas_refunded=0 final_gas_used=35067 is_system_tx=false
2026-03-10T01:07:48.105431Z  INFO bsc::slash_debug: reward_beneficiary per-tx detail block_number=94816403 gas_spent=46296 gas_refunded_raw=0 gas_used_for_fee=46296 effective_gas_price=100000000 tx_fee=4629600000000 balance_before=0 balance_after=4629600000000 tx_type=0 tx_gas_price=100000000 tx_gas_priority_fee=0
2026-03-10T01:07:48.105437Z  INFO bsc::slash_debug: execution_result gas refund detail block_number=94816403 gas_spent=46296 gas_refunded_in_result=0 gas_refunded=0 final_gas_used=46296 is_system_tx=false
2026-03-10T01:07:48.105447Z  INFO bsc::slash_debug: reward_beneficiary per-tx detail block_number=94816403 gas_spent=35067 gas_refunded_raw=0 gas_used_for_fee=35067 effective_gas_price=100000000 tx_fee=3506700000000 balance_before=0 balance_after=3506700000000 tx_type=0 tx_gas_price=100000000 tx_gas_priority_fee=0
2026-03-10T01:07:48.105456Z  INFO bsc::slash_debug: reward_beneficiary per-tx detail block_number=94816403 gas_spent=163791 gas_refunded_raw=2800 gas_used_for_fee=160991 effective_gas_price=100000000 tx_fee=16099100000000 balance_before=0 balance_after=16099100000000 tx_type=0 tx_gas_price=100000000 tx_gas_priority_fee=0
2026-03-10T01:07:48.105460Z  INFO bsc::slash_debug: execution_result gas refund detail block_number=94816403 gas_spent=35067 gas_refunded_in_result=0 gas_refunded=0 final_gas_used=35067 is_system_tx=false
2026-03-10T01:07:48.105464Z  INFO bsc::slash_debug: execution_result gas refund detail block_number=94816403 gas_spent=163791 gas_refunded_in_result=2800 gas_refunded=2800 final_gas_used=160991 is_system_tx=false
2026-03-10T01:07:48.105501Z  INFO bsc::slash_debug: reward_beneficiary per-tx detail block_number=94816403 gas_spent=46284 gas_refunded_raw=0 gas_used_for_fee=46284 effective_gas_price=100000000 tx_fee=4628400000000 balance_before=0 balance_after=4628400000000 tx_type=0 tx_gas_price=100000000 tx_gas_priority_fee=0
2026-03-10T01:07:48.105510Z  INFO bsc::slash_debug: execution_result gas refund detail block_number=94816403 gas_spent=46284 gas_refunded_in_result=0 gas_refunded=0 final_gas_used=46284 is_system_tx=false
2026-03-10T01:07:48.105543Z  INFO bsc::slash_debug: reward_beneficiary per-tx detail block_number=94816403 gas_spent=46296 gas_refunded_raw=0 gas_used_for_fee=46296 effective_gas_price=100000000 tx_fee=4629600000000 balance_before=0 balance_after=4629600000000 tx_type=0 tx_gas_price=100000000 tx_gas_priority_fee=0
2026-03-10T01:07:48.105546Z  INFO bsc::slash_debug: reward_beneficiary per-tx detail block_number=94816403 gas_spent=46296 gas_refunded_raw=0 gas_used_for_fee=46296 effective_gas_price=100000000 tx_fee=4629600000000 balance_before=0 balance_after=4629600000000 tx_type=0 tx_gas_price=100000000 tx_gas_priority_fee=0
2026-03-10T01:07:48.105549Z  INFO bsc::slash_debug: execution_result gas refund detail block_number=94816403 gas_spent=46296 gas_refunded_in_result=0 gas_refunded=0 final_gas_used=46296 is_system_tx=false
2026-03-10T01:07:48.105551Z  INFO bsc::slash_debug: execution_result gas refund detail block_number=94816403 gas_spent=46296 gas_refunded_in_result=0 gas_refunded=0 final_gas_used=46296 is_system_tx=false
2026-03-10T01:07:48.105603Z  INFO bsc::slash_debug: reward_beneficiary per-tx detail block_number=94816403 gas_spent=163791 gas_refunded_raw=2800 gas_used_for_fee=160991 effective_gas_price=100000000 tx_fee=16099100000000 balance_before=0 balance_after=16099100000000 tx_type=0 tx_gas_price=100000000 tx_gas_priority_fee=0
2026-03-10T01:07:48.105609Z  INFO bsc::slash_debug: execution_result gas refund detail block_number=94816403 gas_spent=163791 gas_refunded_in_result=2800 gas_refunded=2800 final_gas_used=160991 is_system_tx=false
2026-03-10T01:07:48.105629Z  INFO bsc::slash_debug: reward_beneficiary per-tx detail block_number=94816403 gas_spent=46296 gas_refunded_raw=0 gas_used_for_fee=46296 effective_gas_price=100000000 tx_fee=4629600000000 balance_before=0 balance_after=4629600000000 tx_type=0 tx_gas_price=100000000 tx_gas_priority_fee=0
2026-03-10T01:07:48.105633Z  INFO bsc::slash_debug: execution_result gas refund detail block_number=94816403 gas_spent=46296 gas_refunded_in_result=0 gas_refunded=0 final_gas_used=46296 is_system_tx=false
2026-03-10T01:07:48.105639Z  INFO bsc::slash_debug: reward_beneficiary per-tx detail block_number=94816403 gas_spent=39904 gas_refunded_raw=0 gas_used_for_fee=39904 effective_gas_price=100000000 tx_fee=3990400000000 balance_before=0 balance_after=3990400000000 tx_type=0 tx_gas_price=100000000 tx_gas_priority_fee=0
2026-03-10T01:07:48.105645Z  INFO bsc::slash_debug: execution_result gas refund detail block_number=94816403 gas_spent=39904 gas_refunded_in_result=0 gas_refunded=0 final_gas_used=39904 is_system_tx=false
2026-03-10T01:07:48.105705Z  INFO bsc::slash_debug: reward_beneficiary per-tx detail block_number=94816403 gas_spent=35067 gas_refunded_raw=0 gas_used_for_fee=35067 effective_gas_price=100000000 tx_fee=3506700000000 balance_before=0 balance_after=3506700000000 tx_type=0 tx_gas_price=100000000 tx_gas_priority_fee=0
2026-03-10T01:07:48.105712Z  INFO bsc::slash_debug: reward_beneficiary per-tx detail block_number=94816403 gas_spent=39904 gas_refunded_raw=0 gas_used_for_fee=39904 effective_gas_price=100000000 tx_fee=3990400000000 balance_before=0 balance_after=3990400000000 tx_type=0 tx_gas_price=100000000 tx_gas_priority_fee=0
2026-03-10T01:07:48.105718Z  INFO bsc::slash_debug: execution_result gas refund detail block_number=94816403 gas_spent=39904 gas_refunded_in_result=0 gas_refunded=0 final_gas_used=39904 is_system_tx=false
2026-03-10T01:07:48.105728Z  INFO bsc::slash_debug: execution_result gas refund detail block_number=94816403 gas_spent=35067 gas_refunded_in_result=0 gas_refunded=0 final_gas_used=35067 is_system_tx=false
2026-03-10T01:07:48.105765Z  INFO bsc::slash_debug: reward_beneficiary per-tx detail block_number=94816403 gas_spent=35067 gas_refunded_raw=0 gas_used_for_fee=35067 effective_gas_price=100000000 tx_fee=3506700000000 balance_before=0 balance_after=3506700000000 tx_type=0 tx_gas_price=100000000 tx_gas_priority_fee=0
2026-03-10T01:07:48.105772Z  INFO bsc::slash_debug: reward_beneficiary per-tx detail block_number=94816403 gas_spent=129591 gas_refunded_raw=2800 gas_used_for_fee=126791 effective_gas_price=100000000 tx_fee=12679100000000 balance_before=0 balance_after=12679100000000 tx_type=0 tx_gas_price=100000000 tx_gas_priority_fee=0
2026-03-10T01:07:48.105773Z  INFO bsc::slash_debug: execution_result gas refund detail block_number=94816403 gas_spent=35067 gas_refunded_in_result=0 gas_refunded=0 final_gas_used=35067 is_system_tx=false
2026-03-10T01:07:48.105781Z  INFO bsc::slash_debug: execution_result gas refund detail block_number=94816403 gas_spent=129591 gas_refunded_in_result=2800 gas_refunded=2800 final_gas_used=126791 is_system_tx=false
2026-03-10T01:07:48.106417Z  INFO bsc::slash_debug: reward_beneficiary per-tx detail block_number=94816403 gas_spent=132626 gas_refunded_raw=2800 gas_used_for_fee=129826 effective_gas_price=132000000 tx_fee=17137032000000 balance_before=0 balance_after=17137032000000 tx_type=2 tx_gas_price=132000000 tx_gas_priority_fee=132000000
2026-03-10T01:07:48.106424Z  INFO bsc::slash_debug: execution_result gas refund detail block_number=94816403 gas_spent=132626 gas_refunded_in_result=2800 gas_refunded=2800 final_gas_used=129826 is_system_tx=false
2026-03-10T01:07:48.106490Z  INFO bsc::slash_debug: reward_beneficiary per-tx detail block_number=94816403 gas_spent=132626 gas_refunded_raw=2800 gas_used_for_fee=129826 effective_gas_price=132000000 tx_fee=17137032000000 balance_before=17137032000000 balance_after=34274064000000 tx_type=2 tx_gas_price=132000000 tx_gas_priority_fee=132000000
2026-03-10T01:07:48.106497Z  INFO bsc::slash_debug: execution_result gas refund detail block_number=94816403 gas_spent=132626 gas_refunded_in_result=2800 gas_refunded=2800 final_gas_used=129826 is_system_tx=false
2026-03-10T01:07:48.106536Z  INFO bsc::slash_debug: reward_beneficiary per-tx detail block_number=94816403 gas_spent=35031 gas_refunded_raw=0 gas_used_for_fee=35031 effective_gas_price=100000000 tx_fee=3503100000000 balance_before=34274064000000 balance_after=37777164000000 tx_type=0 tx_gas_price=100000000 tx_gas_priority_fee=0
2026-03-10T01:07:48.106548Z  INFO bsc::slash_debug: execution_result gas refund detail block_number=94816403 gas_spent=35031 gas_refunded_in_result=0 gas_refunded=0 final_gas_used=35031 is_system_tx=false
2026-03-10T01:07:48.106584Z  INFO bsc::slash_debug: reward_beneficiary per-tx detail block_number=94816403 gas_spent=39904 gas_refunded_raw=0 gas_used_for_fee=39904 effective_gas_price=100000000 tx_fee=3990400000000 balance_before=37777164000000 balance_after=41767564000000 tx_type=0 tx_gas_price=100000000 tx_gas_priority_fee=0
2026-03-10T01:07:48.106590Z  INFO bsc::slash_debug: execution_result gas refund detail block_number=94816403 gas_spent=39904 gas_refunded_in_result=0 gas_refunded=0 final_gas_used=39904 is_system_tx=false
2026-03-10T01:07:48.106613Z  INFO bsc::slash_debug: reward_beneficiary per-tx detail block_number=94816403 gas_spent=39892 gas_refunded_raw=0 gas_used_for_fee=39892 effective_gas_price=100000000 tx_fee=3989200000000 balance_before=0 balance_after=3989200000000 tx_type=0 tx_gas_price=100000000 tx_gas_priority_fee=0
2026-03-10T01:07:48.106622Z  INFO bsc::slash_debug: execution_result gas refund detail block_number=94816403 gas_spent=39892 gas_refunded_in_result=0 gas_refunded=0 final_gas_used=39892 is_system_tx=false
2026-03-10T01:07:48.106629Z  INFO bsc::slash_debug: reward_beneficiary per-tx detail block_number=94816403 gas_spent=39904 gas_refunded_raw=0 gas_used_for_fee=39904 effective_gas_price=100000000 tx_fee=3990400000000 balance_before=41767564000000 balance_after=45757964000000 tx_type=0 tx_gas_price=100000000 tx_gas_priority_fee=0
2026-03-10T01:07:48.106636Z  INFO bsc::slash_debug: execution_result gas refund detail block_number=94816403 gas_spent=39904 gas_refunded_in_result=0 gas_refunded=0 final_gas_used=39904 is_system_tx=false
2026-03-10T01:07:48.106674Z  INFO bsc::slash_debug: reward_beneficiary per-tx detail block_number=94816403 gas_spent=39892 gas_refunded_raw=0 gas_used_for_fee=39892 effective_gas_price=100000000 tx_fee=3989200000000 balance_before=45757964000000 balance_after=49747164000000 tx_type=0 tx_gas_price=100000000 tx_gas_priority_fee=0
2026-03-10T01:07:48.106679Z  INFO bsc::slash_debug: execution_result gas refund detail block_number=94816403 gas_spent=39892 gas_refunded_in_result=0 gas_refunded=0 final_gas_used=39892 is_system_tx=false
2026-03-10T01:07:48.106716Z  INFO bsc::slash_debug: reward_beneficiary per-tx detail block_number=94816403 gas_spent=39904 gas_refunded_raw=0 gas_used_for_fee=39904 effective_gas_price=100000000 tx_fee=3990400000000 balance_before=49747164000000 balance_after=53737564000000 tx_type=0 tx_gas_price=100000000 tx_gas_priority_fee=0
2026-03-10T01:07:48.106721Z  INFO bsc::slash_debug: execution_result gas refund detail block_number=94816403 gas_spent=39904 gas_refunded_in_result=0 gas_refunded=0 final_gas_used=39904 is_system_tx=false
2026-03-10T01:07:48.106749Z  INFO bsc::slash_debug: reward_beneficiary per-tx detail block_number=94816403 gas_spent=35067 gas_refunded_raw=0 gas_used_for_fee=35067 effective_gas_price=100000000 tx_fee=3506700000000 balance_before=53737564000000 balance_after=57244264000000 tx_type=0 tx_gas_price=100000000 tx_gas_priority_fee=0
2026-03-10T01:07:48.106815Z  INFO bsc::slash_debug: execution_result gas refund detail block_number=94816403 gas_spent=35067 gas_refunded_in_result=0 gas_refunded=0 final_gas_used=35067 is_system_tx=false
2026-03-10T01:07:48.106853Z  INFO bsc::slash_debug: reward_beneficiary per-tx detail block_number=94816403 gas_spent=39904 gas_refunded_raw=0 gas_used_for_fee=39904 effective_gas_price=100000000 tx_fee=3990400000000 balance_before=57244264000000 balance_after=61234664000000 tx_type=0 tx_gas_price=100000000 tx_gas_priority_fee=0
2026-03-10T01:07:48.106857Z  INFO bsc::slash_debug: execution_result gas refund detail block_number=94816403 gas_spent=39904 gas_refunded_in_result=0 gas_refunded=0 final_gas_used=39904 is_system_tx=false
2026-03-10T01:07:48.106935Z  INFO bsc::slash_debug: reward_beneficiary per-tx detail block_number=94816403 gas_spent=226703 gas_refunded_raw=9600 gas_used_for_fee=217103 effective_gas_price=100000000 tx_fee=21710300000000 balance_before=61234664000000 balance_after=82944964000000 tx_type=0 tx_gas_price=100000000 tx_gas_priority_fee=0
2026-03-10T01:07:48.106941Z  INFO bsc::slash_debug: execution_result gas refund detail block_number=94816403 gas_spent=226703 gas_refunded_in_result=9600 gas_refunded=9600 final_gas_used=217103 is_system_tx=false
2026-03-10T01:07:48.106952Z  INFO bsc::slash_debug: reward_beneficiary per-tx detail block_number=94816403 gas_spent=35067 gas_refunded_raw=0 gas_used_for_fee=35067 effective_gas_price=100000000 tx_fee=3506700000000 balance_before=0 balance_after=3506700000000 tx_type=0 tx_gas_price=100000000 tx_gas_priority_fee=0
2026-03-10T01:07:48.106958Z  INFO bsc::slash_debug: execution_result gas refund detail block_number=94816403 gas_spent=35067 gas_refunded_in_result=0 gas_refunded=0 final_gas_used=35067 is_system_tx=false
2026-03-10T01:07:48.107009Z  INFO bsc::slash_debug: reward_beneficiary per-tx detail block_number=94816403 gas_spent=39904 gas_refunded_raw=0 gas_used_for_fee=39904 effective_gas_price=100000000 tx_fee=3990400000000 balance_before=0 balance_after=3990400000000 tx_type=0 tx_gas_price=100000000 tx_gas_priority_fee=0
2026-03-10T01:07:48.107016Z  INFO bsc::slash_debug: execution_result gas refund detail block_number=94816403 gas_spent=39904 gas_refunded_in_result=0 gas_refunded=0 final_gas_used=39904 is_system_tx=false
2026-03-10T01:07:48.107044Z  INFO bsc::slash_debug: reward_beneficiary per-tx detail block_number=94816403 gas_spent=35031 gas_refunded_raw=0 gas_used_for_fee=35031 effective_gas_price=100000000 tx_fee=3503100000000 balance_before=0 balance_after=3503100000000 tx_type=0 tx_gas_price=100000000 tx_gas_priority_fee=0
2026-03-10T01:07:48.107047Z  INFO bsc::slash_debug: reward_beneficiary per-tx detail block_number=94816403 gas_spent=35031 gas_refunded_raw=0 gas_used_for_fee=35031 effective_gas_price=100000000 tx_fee=3503100000000 balance_before=0 balance_after=3503100000000 tx_type=0 tx_gas_price=100000000 tx_gas_priority_fee=0
2026-03-10T01:07:48.107053Z  INFO bsc::slash_debug: reward_beneficiary per-tx detail block_number=94816403 gas_spent=129591 gas_refunded_raw=2800 gas_used_for_fee=126791 effective_gas_price=100000000 tx_fee=12679100000000 balance_before=82944964000000 balance_after=95624064000000 tx_type=0 tx_gas_price=100000000 tx_gas_priority_fee=0
2026-03-10T01:07:48.107055Z  INFO bsc::slash_debug: execution_result gas refund detail block_number=94816403 gas_spent=35031 gas_refunded_in_result=0 gas_refunded=0 final_gas_used=35031 is_system_tx=false
2026-03-10T01:07:48.107057Z  INFO bsc::slash_debug: execution_result gas refund detail block_number=94816403 gas_spent=35031 gas_refunded_in_result=0 gas_refunded=0 final_gas_used=35031 is_system_tx=false
2026-03-10T01:07:48.107060Z  INFO bsc::slash_debug: execution_result gas refund detail block_number=94816403 gas_spent=129591 gas_refunded_in_result=2800 gas_refunded=2800 final_gas_used=126791 is_system_tx=false
2026-03-10T01:07:48.107104Z  INFO bsc::slash_debug: reward_beneficiary per-tx detail block_number=94816403 gas_spent=39904 gas_refunded_raw=0 gas_used_for_fee=39904 effective_gas_price=100000000 tx_fee=3990400000000 balance_before=95624064000000 balance_after=99614464000000 tx_type=0 tx_gas_price=100000000 tx_gas_priority_fee=0
2026-03-10T01:07:48.107116Z  INFO bsc::slash_debug: reward_beneficiary per-tx detail block_number=94816403 gas_spent=35067 gas_refunded_raw=0 gas_used_for_fee=35067 effective_gas_price=100000000 tx_fee=3506700000000 balance_before=0 balance_after=3506700000000 tx_type=0 tx_gas_price=100000000 tx_gas_priority_fee=0
2026-03-10T01:07:48.107132Z  INFO bsc::slash_debug: execution_result gas refund detail block_number=94816403 gas_spent=39904 gas_refunded_in_result=0 gas_refunded=0 final_gas_used=39904 is_system_tx=false
2026-03-10T01:07:48.107151Z  INFO bsc::slash_debug: reward_beneficiary per-tx detail block_number=94816403 gas_spent=53924 gas_refunded_raw=0 gas_used_for_fee=53924 effective_gas_price=100000000 tx_fee=5392400000000 balance_before=0 balance_after=5392400000000 tx_type=0 tx_gas_price=100000000 tx_gas_priority_fee=0
2026-03-10T01:07:48.107162Z  INFO bsc::slash_debug: execution_result gas refund detail block_number=94816403 gas_spent=53924 gas_refunded_in_result=0 gas_refunded=0 final_gas_used=53924 is_system_tx=false
2026-03-10T01:07:48.107174Z  INFO bsc::slash_debug: reward_beneficiary per-tx detail block_number=94816403 gas_spent=46296 gas_refunded_raw=0 gas_used_for_fee=46296 effective_gas_price=100000000 tx_fee=4629600000000 balance_before=0 balance_after=4629600000000 tx_type=0 tx_gas_price=100000000 tx_gas_priority_fee=0
2026-03-10T01:07:48.107191Z  INFO bsc::slash_debug: execution_result gas refund detail block_number=94816403 gas_spent=46296 gas_refunded_in_result=0 gas_refunded=0 final_gas_used=46296 is_system_tx=false
2026-03-10T01:07:48.107205Z  INFO bsc::slash_debug: reward_beneficiary per-tx detail block_number=94816403 gas_spent=39892 gas_refunded_raw=0 gas_used_for_fee=39892 effective_gas_price=100000000 tx_fee=3989200000000 balance_before=0 balance_after=3989200000000 tx_type=0 tx_gas_price=100000000 tx_gas_priority_fee=0
2026-03-10T01:07:48.107213Z  INFO bsc::slash_debug: execution_result gas refund detail block_number=94816403 gas_spent=39892 gas_refunded_in_result=0 gas_refunded=0 final_gas_used=39892 is_system_tx=false
2026-03-10T01:07:48.107234Z  INFO bsc::slash_debug: reward_beneficiary per-tx detail block_number=94816403 gas_spent=39904 gas_refunded_raw=0 gas_used_for_fee=39904 effective_gas_price=100000000 tx_fee=3990400000000 balance_before=0 balance_after=3990400000000 tx_type=0 tx_gas_price=100000000 tx_gas_priority_fee=0
2026-03-10T01:07:48.107239Z  INFO bsc::slash_debug: reward_beneficiary per-tx detail block_number=94816403 gas_spent=163791 gas_refunded_raw=2800 gas_used_for_fee=160991 effective_gas_price=100000000 tx_fee=16099100000000 balance_before=99614464000000 balance_after=115713564000000 tx_type=0 tx_gas_price=100000000 tx_gas_priority_fee=0
2026-03-10T01:07:48.107241Z  INFO bsc::slash_debug: execution_result gas refund detail block_number=94816403 gas_spent=39904 gas_refunded_in_result=0 gas_refunded=0 final_gas_used=39904 is_system_tx=false
2026-03-10T01:07:48.107247Z  INFO bsc::slash_debug: execution_result gas refund detail block_number=94816403 gas_spent=163791 gas_refunded_in_result=2800 gas_refunded=2800 final_gas_used=160991 is_system_tx=false
2026-03-10T01:07:48.107267Z  INFO bsc::slash_debug: reward_beneficiary per-tx detail block_number=94816403 gas_spent=39904 gas_refunded_raw=0 gas_used_for_fee=39904 effective_gas_price=100000000 tx_fee=3990400000000 balance_before=0 balance_after=3990400000000 tx_type=0 tx_gas_price=100000000 tx_gas_priority_fee=0
2026-03-10T01:07:48.107275Z  INFO bsc::slash_debug: execution_result gas refund detail block_number=94816403 gas_spent=39904 gas_refunded_in_result=0 gas_refunded=0 final_gas_used=39904 is_system_tx=false
2026-03-10T01:07:48.107287Z  INFO bsc::slash_debug: reward_beneficiary per-tx detail block_number=94816403 gas_spent=39904 gas_refunded_raw=0 gas_used_for_fee=39904 effective_gas_price=100000000 tx_fee=3990400000000 balance_before=115713564000000 balance_after=119703964000000 tx_type=0 tx_gas_price=100000000 tx_gas_priority_fee=0
2026-03-10T01:07:48.107299Z  INFO bsc::slash_debug: reward_beneficiary per-tx detail block_number=94816403 gas_spent=163779 gas_refunded_raw=2800 gas_used_for_fee=160979 effective_gas_price=100000000 tx_fee=16097900000000 balance_before=0 balance_after=16097900000000 tx_type=0 tx_gas_price=100000000 tx_gas_priority_fee=0
2026-03-10T01:07:48.107310Z  INFO bsc::slash_debug: execution_result gas refund detail block_number=94816403 gas_spent=39904 gas_refunded_in_result=0 gas_refunded=0 final_gas_used=39904 is_system_tx=false
2026-03-10T01:07:48.107358Z  INFO bsc::slash_debug: execution_result gas refund detail block_number=94816403 gas_spent=163779 gas_refunded_in_result=2800 gas_refunded=2800 final_gas_used=160979 is_system_tx=false
2026-03-10T01:07:48.107375Z  INFO bsc::slash_debug: reward_beneficiary per-tx detail block_number=94816403 gas_spent=39904 gas_refunded_raw=0 gas_used_for_fee=39904 effective_gas_price=100000000 tx_fee=3990400000000 balance_before=119703964000000 balance_after=123694364000000 tx_type=0 tx_gas_price=100000000 tx_gas_priority_fee=0
2026-03-10T01:07:48.107379Z  INFO bsc::slash_debug: reward_beneficiary per-tx detail block_number=94816403 gas_spent=35031 gas_refunded_raw=0 gas_used_for_fee=35031 effective_gas_price=100000000 tx_fee=3503100000000 balance_before=0 balance_after=3503100000000 tx_type=0 tx_gas_price=100000000 tx_gas_priority_fee=0
2026-03-10T01:07:48.107393Z  INFO bsc::slash_debug: execution_result gas refund detail block_number=94816403 gas_spent=39904 gas_refunded_in_result=0 gas_refunded=0 final_gas_used=39904 is_system_tx=false
2026-03-10T01:07:48.107415Z  INFO bsc::slash_debug: execution_result gas refund detail block_number=94816403 gas_spent=35031 gas_refunded_in_result=0 gas_refunded=0 final_gas_used=35031 is_system_tx=false
2026-03-10T01:07:48.107419Z  INFO bsc::slash_debug: reward_beneficiary per-tx detail block_number=94816403 gas_spent=35031 gas_refunded_raw=0 gas_used_for_fee=35031 effective_gas_price=100000000 tx_fee=3503100000000 balance_before=123694364000000 balance_after=127197464000000 tx_type=0 tx_gas_price=100000000 tx_gas_priority_fee=0
2026-03-10T01:07:48.107432Z  INFO bsc::slash_debug: execution_result gas refund detail block_number=94816403 gas_spent=35031 gas_refunded_in_result=0 gas_refunded=0 final_gas_used=35031 is_system_tx=false
2026-03-10T01:07:48.107448Z  INFO bsc::slash_debug: execution_result gas refund detail block_number=94816403 gas_spent=35067 gas_refunded_in_result=0 gas_refunded=0 final_gas_used=35067 is_system_tx=false
2026-03-10T01:07:48.107456Z  INFO bsc::slash_debug: reward_beneficiary per-tx detail block_number=94816403 gas_spent=35067 gas_refunded_raw=0 gas_used_for_fee=35067 effective_gas_price=100000000 tx_fee=3506700000000 balance_before=127197464000000 balance_after=130704164000000 tx_type=0 tx_gas_price=100000000 tx_gas_priority_fee=0
2026-03-10T01:07:48.107463Z  INFO bsc::slash_debug: execution_result gas refund detail block_number=94816403 gas_spent=35067 gas_refunded_in_result=0 gas_refunded=0 final_gas_used=35067 is_system_tx=false
2026-03-10T01:07:48.107535Z  INFO bsc::slash_debug: reward_beneficiary per-tx detail block_number=94816403 gas_spent=129591 gas_refunded_raw=2800 gas_used_for_fee=126791 effective_gas_price=100000000 tx_fee=12679100000000 balance_before=130704164000000 balance_after=143383264000000 tx_type=0 tx_gas_price=100000000 tx_gas_priority_fee=0
2026-03-10T01:07:48.107542Z  INFO bsc::slash_debug: execution_result gas refund detail block_number=94816403 gas_spent=129591 gas_refunded_in_result=2800 gas_refunded=2800 final_gas_used=126791 is_system_tx=false
2026-03-10T01:07:48.107570Z  INFO bsc::slash_debug: reward_beneficiary per-tx detail block_number=94816403 gas_spent=46296 gas_refunded_raw=0 gas_used_for_fee=46296 effective_gas_price=100000000 tx_fee=4629600000000 balance_before=143383264000000 balance_after=148012864000000 tx_type=0 tx_gas_price=100000000 tx_gas_priority_fee=0
2026-03-10T01:07:48.107575Z  INFO bsc::slash_debug: execution_result gas refund detail block_number=94816403 gas_spent=46296 gas_refunded_in_result=0 gas_refunded=0 final_gas_used=46296 is_system_tx=false
2026-03-10T01:07:48.107603Z  INFO bsc::slash_debug: reward_beneficiary per-tx detail block_number=94816403 gas_spent=35031 gas_refunded_raw=0 gas_used_for_fee=35031 effective_gas_price=100000000 tx_fee=3503100000000 balance_before=0 balance_after=3503100000000 tx_type=0 tx_gas_price=100000000 tx_gas_priority_fee=0
2026-03-10T01:07:48.107609Z  INFO bsc::slash_debug: execution_result gas refund detail block_number=94816403 gas_spent=35031 gas_refunded_in_result=0 gas_refunded=0 final_gas_used=35031 is_system_tx=false
2026-03-10T01:07:48.107614Z  INFO bsc::slash_debug: reward_beneficiary per-tx detail block_number=94816403 gas_spent=39904 gas_refunded_raw=0 gas_used_for_fee=39904 effective_gas_price=100000000 tx_fee=3990400000000 balance_before=148012864000000 balance_after=152003264000000 tx_type=0 tx_gas_price=100000000 tx_gas_priority_fee=0
2026-03-10T01:07:48.107617Z  INFO bsc::slash_debug: reward_beneficiary per-tx detail block_number=94816403 gas_spent=46296 gas_refunded_raw=0 gas_used_for_fee=46296 effective_gas_price=100000000 tx_fee=4629600000000 balance_before=0 balance_after=4629600000000 tx_type=0 tx_gas_price=100000000 tx_gas_priority_fee=0
2026-03-10T01:07:48.107621Z  INFO bsc::slash_debug: execution_result gas refund detail block_number=94816403 gas_spent=39904 gas_refunded_in_result=0 gas_refunded=0 final_gas_used=39904 is_system_tx=false
2026-03-10T01:07:48.107623Z  INFO bsc::slash_debug: execution_result gas refund detail block_number=94816403 gas_spent=46296 gas_refunded_in_result=0 gas_refunded=0 final_gas_used=46296 is_system_tx=false
2026-03-10T01:07:48.107648Z  INFO bsc::slash_debug: reward_beneficiary per-tx detail block_number=94816403 gas_spent=46296 gas_refunded_raw=0 gas_used_for_fee=46296 effective_gas_price=100000000 tx_fee=4629600000000 balance_before=0 balance_after=4629600000000 tx_type=0 tx_gas_price=100000000 tx_gas_priority_fee=0
2026-03-10T01:07:48.107653Z  INFO bsc::slash_debug: execution_result gas refund detail block_number=94816403 gas_spent=46296 gas_refunded_in_result=0 gas_refunded=0 final_gas_used=46296 is_system_tx=false
2026-03-10T01:07:48.107673Z  INFO bsc::slash_debug: reward_beneficiary per-tx detail block_number=94816403 gas_spent=46284 gas_refunded_raw=0 gas_used_for_fee=46284 effective_gas_price=100000000 tx_fee=4628400000000 balance_before=0 balance_after=4628400000000 tx_type=0 tx_gas_price=100000000 tx_gas_priority_fee=0
2026-03-10T01:07:48.107678Z  INFO bsc::slash_debug: execution_result gas refund detail block_number=94816403 gas_spent=46284 gas_refunded_in_result=0 gas_refunded=0 final_gas_used=46284 is_system_tx=false
2026-03-10T01:07:48.107681Z  INFO bsc::slash_debug: reward_beneficiary per-tx detail block_number=94816403 gas_spent=163791 gas_refunded_raw=2800 gas_used_for_fee=160991 effective_gas_price=100000000 tx_fee=16099100000000 balance_before=152003264000000 balance_after=168102364000000 tx_type=0 tx_gas_price=100000000 tx_gas_priority_fee=0
2026-03-10T01:07:48.107690Z  INFO bsc::slash_debug: reward_beneficiary per-tx detail block_number=94816403 gas_spent=39892 gas_refunded_raw=0 gas_used_for_fee=39892 effective_gas_price=100000000 tx_fee=3989200000000 balance_before=0 balance_after=3989200000000 tx_type=0 tx_gas_price=100000000 tx_gas_priority_fee=0
2026-03-10T01:07:48.107694Z  INFO bsc::slash_debug: reward_beneficiary per-tx detail block_number=94816403 gas_spent=39904 gas_refunded_raw=0 gas_used_for_fee=39904 effective_gas_price=100000000 tx_fee=3990400000000 balance_before=0 balance_after=3990400000000 tx_type=0 tx_gas_price=100000000 tx_gas_priority_fee=0
2026-03-10T01:07:48.107698Z  INFO bsc::slash_debug: execution_result gas refund detail block_number=94816403 gas_spent=163791 gas_refunded_in_result=2800 gas_refunded=2800 final_gas_used=160991 is_system_tx=false
2026-03-10T01:07:48.107701Z  INFO bsc::slash_debug: execution_result gas refund detail block_number=94816403 gas_spent=39904 gas_refunded_in_result=0 gas_refunded=0 final_gas_used=39904 is_system_tx=false
2026-03-10T01:07:48.107708Z  INFO bsc::slash_debug: execution_result gas refund detail block_number=94816403 gas_spent=39892 gas_refunded_in_result=0 gas_refunded=0 final_gas_used=39892 is_system_tx=false
2026-03-10T01:07:48.107733Z  INFO bsc::slash_debug: reward_beneficiary per-tx detail block_number=94816403 gas_spent=35067 gas_refunded_raw=0 gas_used_for_fee=35067 effective_gas_price=100000000 tx_fee=3506700000000 balance_before=168102364000000 balance_after=171609064000000 tx_type=0 tx_gas_price=100000000 tx_gas_priority_fee=0
2026-03-10T01:07:48.107739Z  INFO bsc::slash_debug: reward_beneficiary per-tx detail block_number=94816403 gas_spent=163779 gas_refunded_raw=2800 gas_used_for_fee=160979 effective_gas_price=100000000 tx_fee=16097900000000 balance_before=0 balance_after=16097900000000 tx_type=0 tx_gas_price=100000000 tx_gas_priority_fee=0
2026-03-10T01:07:48.107745Z  INFO bsc::slash_debug: reward_beneficiary per-tx detail block_number=94816403 gas_spent=163791 gas_refunded_raw=2800 gas_used_for_fee=160991 effective_gas_price=100000000 tx_fee=16099100000000 balance_before=0 balance_after=16099100000000 tx_type=0 tx_gas_price=100000000 tx_gas_priority_fee=0
2026-03-10T01:07:48.107749Z  INFO bsc::slash_debug: execution_result gas refund detail block_number=94816403 gas_spent=163779 gas_refunded_in_result=2800 gas_refunded=2800 final_gas_used=160979 is_system_tx=false
2026-03-10T01:07:48.107755Z  INFO bsc::slash_debug: execution_result gas refund detail block_number=94816403 gas_spent=35067 gas_refunded_in_result=0 gas_refunded=0 final_gas_used=35067 is_system_tx=false
2026-03-10T01:07:48.107765Z  INFO bsc::slash_debug: reward_beneficiary per-tx detail block_number=94816403 gas_spent=35067 gas_refunded_raw=0 gas_used_for_fee=35067 effective_gas_price=100000000 tx_fee=3506700000000 balance_before=0 balance_after=3506700000000 tx_type=0 tx_gas_price=100000000 tx_gas_priority_fee=0
2026-03-10T01:07:48.107771Z  INFO bsc::slash_debug: execution_result gas refund detail block_number=94816403 gas_spent=35067 gas_refunded_in_result=0 gas_refunded=0 final_gas_used=35067 is_system_tx=false
2026-03-10T01:07:48.107780Z  INFO bsc::slash_debug: execution_result gas refund detail block_number=94816403 gas_spent=163791 gas_refunded_in_result=2800 gas_refunded=2800 final_gas_used=160991 is_system_tx=false
2026-03-10T01:07:48.107782Z  INFO bsc::slash_debug: reward_beneficiary per-tx detail block_number=94816403 gas_spent=35067 gas_refunded_raw=0 gas_used_for_fee=35067 effective_gas_price=100000000 tx_fee=3506700000000 balance_before=171609064000000 balance_after=175115764000000 tx_type=0 tx_gas_price=100000000 tx_gas_priority_fee=0
2026-03-10T01:07:48.107786Z  INFO bsc::slash_debug: execution_result gas refund detail block_number=94816403 gas_spent=35067 gas_refunded_in_result=0 gas_refunded=0 final_gas_used=35067 is_system_tx=false
2026-03-10T01:07:48.107831Z  INFO bsc::slash_debug: reward_beneficiary per-tx detail block_number=94816403 gas_spent=35067 gas_refunded_raw=0 gas_used_for_fee=35067 effective_gas_price=100000000 tx_fee=3506700000000 balance_before=175115764000000 balance_after=178622464000000 tx_type=0 tx_gas_price=100000000 tx_gas_priority_fee=0
2026-03-10T01:07:48.107838Z  INFO bsc::slash_debug: execution_result gas refund detail block_number=94816403 gas_spent=35067 gas_refunded_in_result=0 gas_refunded=0 final_gas_used=35067 is_system_tx=false
2026-03-10T01:07:48.107857Z  INFO bsc::slash_debug: reward_beneficiary per-tx detail block_number=94816403 gas_spent=46296 gas_refunded_raw=0 gas_used_for_fee=46296 effective_gas_price=100000000 tx_fee=4629600000000 balance_before=178622464000000 balance_after=183252064000000 tx_type=0 tx_gas_price=100000000 tx_gas_priority_fee=0
2026-03-10T01:07:48.107861Z  INFO bsc::slash_debug: execution_result gas refund detail block_number=94816403 gas_spent=46296 gas_refunded_in_result=0 gas_refunded=0 final_gas_used=46296 is_system_tx=false
2026-03-10T01:07:48.107888Z  INFO bsc::slash_debug: reward_beneficiary per-tx detail block_number=94816403 gas_spent=21000 gas_refunded_raw=0 gas_used_for_fee=21000 effective_gas_price=100000000 tx_fee=2100000131072 balance_before=0 balance_after=2100000131072 tx_type=3 tx_gas_price=100000000 tx_gas_priority_fee=100000000
2026-03-10T01:07:48.107895Z  INFO bsc::slash_debug: execution_result gas refund detail block_number=94816403 gas_spent=21000 gas_refunded_in_result=0 gas_refunded=0 final_gas_used=21000 is_system_tx=false
2026-03-10T01:07:48.107967Z  INFO bsc::slash_debug: reward_beneficiary per-tx detail block_number=94816403 gas_spent=39904 gas_refunded_raw=0 gas_used_for_fee=39904 effective_gas_price=100000000 tx_fee=3990400000000 balance_before=0 balance_after=3990400000000 tx_type=0 tx_gas_price=100000000 tx_gas_priority_fee=0
2026-03-10T01:07:48.107976Z  INFO bsc::slash_debug: execution_result gas refund detail block_number=94816403 gas_spent=39904 gas_refunded_in_result=0 gas_refunded=0 final_gas_used=39904 is_system_tx=false
2026-03-10T01:07:48.108021Z  INFO bsc::slash_debug: reward_beneficiary per-tx detail block_number=94816403 gas_spent=45411 gas_refunded_raw=0 gas_used_for_fee=45411 effective_gas_price=100000000 tx_fee=4541100000000 balance_before=0 balance_after=4541100000000 tx_type=0 tx_gas_price=100000000 tx_gas_priority_fee=0
2026-03-10T01:07:48.108030Z  INFO bsc::slash_debug: execution_result gas refund detail block_number=94816403 gas_spent=45411 gas_refunded_in_result=0 gas_refunded=0 final_gas_used=45411 is_system_tx=false
2026-03-10T01:07:48.108047Z  INFO bsc::slash_debug: reward_beneficiary per-tx detail block_number=94816403 gas_spent=129579 gas_refunded_raw=2800 gas_used_for_fee=126779 effective_gas_price=100000000 tx_fee=12677900000000 balance_before=0 balance_after=12677900000000 tx_type=0 tx_gas_price=100000000 tx_gas_priority_fee=0
2026-03-10T01:07:48.108054Z  INFO bsc::slash_debug: execution_result gas refund detail block_number=94816403 gas_spent=129579 gas_refunded_in_result=2800 gas_refunded=2800 final_gas_used=126779 is_system_tx=false
2026-03-10T01:07:48.108097Z  INFO bsc::slash_debug: reward_beneficiary per-tx detail block_number=94816403 gas_spent=163791 gas_refunded_raw=2800 gas_used_for_fee=160991 effective_gas_price=100000000 tx_fee=16099100000000 balance_before=183252064000000 balance_after=199351164000000 tx_type=0 tx_gas_price=100000000 tx_gas_priority_fee=0
2026-03-10T01:07:48.108114Z  INFO bsc::slash_debug: execution_result gas refund detail block_number=94816403 gas_spent=163791 gas_refunded_in_result=2800 gas_refunded=2800 final_gas_used=160991 is_system_tx=false
2026-03-10T01:07:48.108176Z  INFO bsc::slash_debug: reward_beneficiary per-tx detail block_number=94816403 gas_spent=46284 gas_refunded_raw=0 gas_used_for_fee=46284 effective_gas_price=100000000 tx_fee=4628400000000 balance_before=199351164000000 balance_after=203979564000000 tx_type=0 tx_gas_price=100000000 tx_gas_priority_fee=0
2026-03-10T01:07:48.108181Z  INFO bsc::slash_debug: execution_result gas refund detail block_number=94816403 gas_spent=46284 gas_refunded_in_result=0 gas_refunded=0 final_gas_used=46284 is_system_tx=false
2026-03-10T01:07:48.108205Z  INFO bsc::slash_debug: reward_beneficiary per-tx detail block_number=94816403 gas_spent=46296 gas_refunded_raw=0 gas_used_for_fee=46296 effective_gas_price=100000000 tx_fee=4629600000000 balance_before=203979564000000 balance_after=208609164000000 tx_type=0 tx_gas_price=100000000 tx_gas_priority_fee=0
2026-03-10T01:07:48.108213Z  INFO bsc::slash_debug: execution_result gas refund detail block_number=94816403 gas_spent=46296 gas_refunded_in_result=0 gas_refunded=0 final_gas_used=46296 is_system_tx=false
2026-03-10T01:07:48.108242Z  INFO bsc::slash_debug: reward_beneficiary per-tx detail block_number=94816403 gas_spent=46296 gas_refunded_raw=0 gas_used_for_fee=46296 effective_gas_price=100000000 tx_fee=4629600000000 balance_before=208609164000000 balance_after=213238764000000 tx_type=0 tx_gas_price=100000000 tx_gas_priority_fee=0
2026-03-10T01:07:48.108247Z  INFO bsc::slash_debug: execution_result gas refund detail block_number=94816403 gas_spent=46296 gas_refunded_in_result=0 gas_refunded=0 final_gas_used=46296 is_system_tx=false
2026-03-10T01:07:48.108352Z  INFO bsc::slash_debug: reward_beneficiary per-tx detail block_number=94816403 gas_spent=129591 gas_refunded_raw=2800 gas_used_for_fee=126791 effective_gas_price=100000000 tx_fee=12679100000000 balance_before=213238764000000 balance_after=225917864000000 tx_type=0 tx_gas_price=100000000 tx_gas_priority_fee=0
2026-03-10T01:07:48.108360Z  INFO bsc::slash_debug: execution_result gas refund detail block_number=94816403 gas_spent=129591 gas_refunded_in_result=2800 gas_refunded=2800 final_gas_used=126791 is_system_tx=false
2026-03-10T01:07:48.108394Z  INFO bsc::slash_debug: reward_beneficiary per-tx detail block_number=94816403 gas_spent=39904 gas_refunded_raw=0 gas_used_for_fee=39904 effective_gas_price=100000000 tx_fee=3990400000000 balance_before=225917864000000 balance_after=229908264000000 tx_type=0 tx_gas_price=100000000 tx_gas_priority_fee=0
2026-03-10T01:07:48.108401Z  INFO bsc::slash_debug: execution_result gas refund detail block_number=94816403 gas_spent=39904 gas_refunded_in_result=0 gas_refunded=0 final_gas_used=39904 is_system_tx=false
2026-03-10T01:07:48.108421Z  INFO bsc::slash_debug: reward_beneficiary per-tx detail block_number=94816403 gas_spent=46296 gas_refunded_raw=0 gas_used_for_fee=46296 effective_gas_price=100000000 tx_fee=4629600000000 balance_before=229908264000000 balance_after=234537864000000 tx_type=0 tx_gas_price=100000000 tx_gas_priority_fee=0
2026-03-10T01:07:48.108428Z  INFO bsc::slash_debug: execution_result gas refund detail block_number=94816403 gas_spent=46296 gas_refunded_in_result=0 gas_refunded=0 final_gas_used=46296 is_system_tx=false
2026-03-10T01:07:48.108476Z  INFO bsc::slash_debug: reward_beneficiary per-tx detail block_number=94816403 gas_spent=39904 gas_refunded_raw=0 gas_used_for_fee=39904 effective_gas_price=100000000 tx_fee=3990400000000 balance_before=234537864000000 balance_after=238528264000000 tx_type=0 tx_gas_price=100000000 tx_gas_priority_fee=0
2026-03-10T01:07:48.108482Z  INFO bsc::slash_debug: execution_result gas refund detail block_number=94816403 gas_spent=39904 gas_refunded_in_result=0 gas_refunded=0 final_gas_used=39904 is_system_tx=false
2026-03-10T01:07:48.108511Z  INFO bsc::slash_debug: reward_beneficiary per-tx detail block_number=94816403 gas_spent=35067 gas_refunded_raw=0 gas_used_for_fee=35067 effective_gas_price=100000000 tx_fee=3506700000000 balance_before=238528264000000 balance_after=242034964000000 tx_type=0 tx_gas_price=100000000 tx_gas_priority_fee=0
2026-03-10T01:07:48.108516Z  INFO bsc::slash_debug: execution_result gas refund detail block_number=94816403 gas_spent=35067 gas_refunded_in_result=0 gas_refunded=0 final_gas_used=35067 is_system_tx=false
2026-03-10T01:07:48.108565Z  INFO bsc::slash_debug: reward_beneficiary per-tx detail block_number=94816403 gas_spent=39892 gas_refunded_raw=0 gas_used_for_fee=39892 effective_gas_price=100000000 tx_fee=3989200000000 balance_before=242034964000000 balance_after=246024164000000 tx_type=0 tx_gas_price=100000000 tx_gas_priority_fee=0
2026-03-10T01:07:48.108571Z  INFO bsc::slash_debug: execution_result gas refund detail block_number=94816403 gas_spent=39892 gas_refunded_in_result=0 gas_refunded=0 final_gas_used=39892 is_system_tx=false
2026-03-10T01:07:48.108597Z  INFO bsc::slash_debug: reward_beneficiary per-tx detail block_number=94816403 gas_spent=35067 gas_refunded_raw=0 gas_used_for_fee=35067 effective_gas_price=100000000 tx_fee=3506700000000 balance_before=246024164000000 balance_after=249530864000000 tx_type=0 tx_gas_price=100000000 tx_gas_priority_fee=0
2026-03-10T01:07:48.108609Z  INFO bsc::slash_debug: execution_result gas refund detail block_number=94816403 gas_spent=35067 gas_refunded_in_result=0 gas_refunded=0 final_gas_used=35067 is_system_tx=false
2026-03-10T01:07:48.108634Z  INFO bsc::slash_debug: reward_beneficiary per-tx detail block_number=94816403 gas_spent=35067 gas_refunded_raw=0 gas_used_for_fee=35067 effective_gas_price=100000000 tx_fee=3506700000000 balance_before=249530864000000 balance_after=253037564000000 tx_type=0 tx_gas_price=100000000 tx_gas_priority_fee=0
2026-03-10T01:07:48.108640Z  INFO bsc::slash_debug: execution_result gas refund detail block_number=94816403 gas_spent=35067 gas_refunded_in_result=0 gas_refunded=0 final_gas_used=35067 is_system_tx=false
2026-03-10T01:07:48.108677Z  INFO bsc::slash_debug: reward_beneficiary per-tx detail block_number=94816403 gas_spent=39904 gas_refunded_raw=0 gas_used_for_fee=39904 effective_gas_price=100000000 tx_fee=3990400000000 balance_before=253037564000000 balance_after=257027964000000 tx_type=0 tx_gas_price=100000000 tx_gas_priority_fee=0
2026-03-10T01:07:48.108686Z  INFO bsc::slash_debug: execution_result gas refund detail block_number=94816403 gas_spent=39904 gas_refunded_in_result=0 gas_refunded=0 final_gas_used=39904 is_system_tx=false
2026-03-10T01:07:48.108748Z  INFO bsc::slash_debug: reward_beneficiary per-tx detail block_number=94816403 gas_spent=53924 gas_refunded_raw=0 gas_used_for_fee=53924 effective_gas_price=100000000 tx_fee=5392400000000 balance_before=257027964000000 balance_after=262420364000000 tx_type=0 tx_gas_price=100000000 tx_gas_priority_fee=0
2026-03-10T01:07:48.108755Z  INFO bsc::slash_debug: execution_result gas refund detail block_number=94816403 gas_spent=53924 gas_refunded_in_result=0 gas_refunded=0 final_gas_used=53924 is_system_tx=false
2026-03-10T01:07:48.108812Z  INFO bsc::slash_debug: reward_beneficiary per-tx detail block_number=94816403 gas_spent=35031 gas_refunded_raw=0 gas_used_for_fee=35031 effective_gas_price=100000000 tx_fee=3503100000000 balance_before=262420364000000 balance_after=265923464000000 tx_type=0 tx_gas_price=100000000 tx_gas_priority_fee=0
2026-03-10T01:07:48.108823Z  INFO bsc::slash_debug: execution_result gas refund detail block_number=94816403 gas_spent=35031 gas_refunded_in_result=0 gas_refunded=0 final_gas_used=35031 is_system_tx=false
2026-03-10T01:07:48.108955Z  INFO bsc::slash_debug: reward_beneficiary per-tx detail block_number=94816403 gas_spent=163779 gas_refunded_raw=2800 gas_used_for_fee=160979 effective_gas_price=100000000 tx_fee=16097900000000 balance_before=265923464000000 balance_after=282021364000000 tx_type=0 tx_gas_price=100000000 tx_gas_priority_fee=0
2026-03-10T01:07:48.108963Z  INFO bsc::slash_debug: execution_result gas refund detail block_number=94816403 gas_spent=163779 gas_refunded_in_result=2800 gas_refunded=2800 final_gas_used=160979 is_system_tx=false
2026-03-10T01:07:48.109003Z  INFO bsc::slash_debug: reward_beneficiary per-tx detail block_number=94816403 gas_spent=35031 gas_refunded_raw=0 gas_used_for_fee=35031 effective_gas_price=100000000 tx_fee=3503100000000 balance_before=282021364000000 balance_after=285524464000000 tx_type=0 tx_gas_price=100000000 tx_gas_priority_fee=0
2026-03-10T01:07:48.109011Z  INFO bsc::slash_debug: execution_result gas refund detail block_number=94816403 gas_spent=35031 gas_refunded_in_result=0 gas_refunded=0 final_gas_used=35031 is_system_tx=false
2026-03-10T01:07:48.109057Z  INFO bsc::slash_debug: reward_beneficiary per-tx detail block_number=94816403 gas_spent=39892 gas_refunded_raw=0 gas_used_for_fee=39892 effective_gas_price=100000000 tx_fee=3989200000000 balance_before=285524464000000 balance_after=289513664000000 tx_type=0 tx_gas_price=100000000 tx_gas_priority_fee=0
2026-03-10T01:07:48.109079Z  INFO bsc::slash_debug: execution_result gas refund detail block_number=94816403 gas_spent=39892 gas_refunded_in_result=0 gas_refunded=0 final_gas_used=39892 is_system_tx=false
2026-03-10T01:07:48.109118Z  INFO bsc::slash_debug: reward_beneficiary per-tx detail block_number=94816403 gas_spent=35067 gas_refunded_raw=0 gas_used_for_fee=35067 effective_gas_price=100000000 tx_fee=3506700000000 balance_before=289513664000000 balance_after=293020364000000 tx_type=0 tx_gas_price=100000000 tx_gas_priority_fee=0
2026-03-10T01:07:48.109136Z  INFO bsc::slash_debug: execution_result gas refund detail block_number=94816403 gas_spent=35067 gas_refunded_in_result=0 gas_refunded=0 final_gas_used=35067 is_system_tx=false
2026-03-10T01:07:48.109566Z  INFO bsc::slash_debug: reward_beneficiary per-tx detail block_number=94816403 gas_spent=39904 gas_refunded_raw=0 gas_used_for_fee=39904 effective_gas_price=100000000 tx_fee=3990400000000 balance_before=293020364000000 balance_after=297010764000000 tx_type=0 tx_gas_price=100000000 tx_gas_priority_fee=0
2026-03-10T01:07:48.109576Z  INFO bsc::slash_debug: execution_result gas refund detail block_number=94816403 gas_spent=39904 gas_refunded_in_result=0 gas_refunded=0 final_gas_used=39904 is_system_tx=false
2026-03-10T01:07:48.109605Z  INFO bsc::slash_debug: reward_beneficiary per-tx detail block_number=94816403 gas_spent=46296 gas_refunded_raw=0 gas_used_for_fee=46296 effective_gas_price=100000000 tx_fee=4629600000000 balance_before=297010764000000 balance_after=301640364000000 tx_type=0 tx_gas_price=100000000 tx_gas_priority_fee=0
2026-03-10T01:07:48.109610Z  INFO bsc::slash_debug: execution_result gas refund detail block_number=94816403 gas_spent=46296 gas_refunded_in_result=0 gas_refunded=0 final_gas_used=46296 is_system_tx=false
2026-03-10T01:07:48.109639Z  INFO bsc::slash_debug: reward_beneficiary per-tx detail block_number=94816403 gas_spent=39904 gas_refunded_raw=0 gas_used_for_fee=39904 effective_gas_price=100000000 tx_fee=3990400000000 balance_before=301640364000000 balance_after=305630764000000 tx_type=0 tx_gas_price=100000000 tx_gas_priority_fee=0
2026-03-10T01:07:48.109643Z  INFO bsc::slash_debug: execution_result gas refund detail block_number=94816403 gas_spent=39904 gas_refunded_in_result=0 gas_refunded=0 final_gas_used=39904 is_system_tx=false
2026-03-10T01:07:48.109666Z  INFO bsc::slash_debug: reward_beneficiary per-tx detail block_number=94816403 gas_spent=35031 gas_refunded_raw=0 gas_used_for_fee=35031 effective_gas_price=100000000 tx_fee=3503100000000 balance_before=305630764000000 balance_after=309133864000000 tx_type=0 tx_gas_price=100000000 tx_gas_priority_fee=0
2026-03-10T01:07:48.109677Z  INFO bsc::slash_debug: execution_result gas refund detail block_number=94816403 gas_spent=35031 gas_refunded_in_result=0 gas_refunded=0 final_gas_used=35031 is_system_tx=false
2026-03-10T01:07:48.109717Z  INFO bsc::slash_debug: reward_beneficiary per-tx detail block_number=94816403 gas_spent=39892 gas_refunded_raw=0 gas_used_for_fee=39892 effective_gas_price=100000000 tx_fee=3989200000000 balance_before=309133864000000 balance_after=313123064000000 tx_type=0 tx_gas_price=100000000 tx_gas_priority_fee=0
2026-03-10T01:07:48.109723Z  INFO bsc::slash_debug: execution_result gas refund detail block_number=94816403 gas_spent=39892 gas_refunded_in_result=0 gas_refunded=0 final_gas_used=39892 is_system_tx=false
2026-03-10T01:07:48.109812Z  INFO bsc::slash_debug: reward_beneficiary per-tx detail block_number=94816403 gas_spent=163779 gas_refunded_raw=2800 gas_used_for_fee=160979 effective_gas_price=100000000 tx_fee=16097900000000 balance_before=313123064000000 balance_after=329220964000000 tx_type=0 tx_gas_price=100000000 tx_gas_priority_fee=0
2026-03-10T01:07:48.109820Z  INFO bsc::slash_debug: execution_result gas refund detail block_number=94816403 gas_spent=163779 gas_refunded_in_result=2800 gas_refunded=2800 final_gas_used=160979 is_system_tx=false
2026-03-10T01:07:48.109851Z  INFO bsc::slash_debug: reward_beneficiary per-tx detail block_number=94816403 gas_spent=35031 gas_refunded_raw=0 gas_used_for_fee=35031 effective_gas_price=100000000 tx_fee=3503100000000 balance_before=329220964000000 balance_after=332724064000000 tx_type=0 tx_gas_price=100000000 tx_gas_priority_fee=0
2026-03-10T01:07:48.109858Z  INFO bsc::slash_debug: execution_result gas refund detail block_number=94816403 gas_spent=35031 gas_refunded_in_result=0 gas_refunded=0 final_gas_used=35031 is_system_tx=false
2026-03-10T01:07:48.109895Z  INFO bsc::slash_debug: reward_beneficiary per-tx detail block_number=94816403 gas_spent=39904 gas_refunded_raw=0 gas_used_for_fee=39904 effective_gas_price=100000000 tx_fee=3990400000000 balance_before=332724064000000 balance_after=336714464000000 tx_type=0 tx_gas_price=100000000 tx_gas_priority_fee=0
2026-03-10T01:07:48.109913Z  INFO bsc::slash_debug: execution_result gas refund detail block_number=94816403 gas_spent=39904 gas_refunded_in_result=0 gas_refunded=0 final_gas_used=39904 is_system_tx=false
2026-03-10T01:07:48.109939Z  INFO bsc::slash_debug: reward_beneficiary per-tx detail block_number=94816403 gas_spent=46296 gas_refunded_raw=0 gas_used_for_fee=46296 effective_gas_price=100000000 tx_fee=4629600000000 balance_before=336714464000000 balance_after=341344064000000 tx_type=0 tx_gas_price=100000000 tx_gas_priority_fee=0
2026-03-10T01:07:48.109962Z  INFO bsc::slash_debug: execution_result gas refund detail block_number=94816403 gas_spent=46296 gas_refunded_in_result=0 gas_refunded=0 final_gas_used=46296 is_system_tx=false
2026-03-10T01:07:48.110026Z  INFO bsc::slash_debug: reward_beneficiary per-tx detail block_number=94816403 gas_spent=163791 gas_refunded_raw=2800 gas_used_for_fee=160991 effective_gas_price=100000000 tx_fee=16099100000000 balance_before=341344064000000 balance_after=357443164000000 tx_type=0 tx_gas_price=100000000 tx_gas_priority_fee=0
2026-03-10T01:07:48.110036Z  INFO bsc::slash_debug: execution_result gas refund detail block_number=94816403 gas_spent=163791 gas_refunded_in_result=2800 gas_refunded=2800 final_gas_used=160991 is_system_tx=false
2026-03-10T01:07:48.110064Z  INFO bsc::slash_debug: reward_beneficiary per-tx detail block_number=94816403 gas_spent=46296 gas_refunded_raw=0 gas_used_for_fee=46296 effective_gas_price=100000000 tx_fee=4629600000000 balance_before=357443164000000 balance_after=362072764000000 tx_type=0 tx_gas_price=100000000 tx_gas_priority_fee=0
2026-03-10T01:07:48.110097Z  INFO bsc::slash_debug: execution_result gas refund detail block_number=94816403 gas_spent=46296 gas_refunded_in_result=0 gas_refunded=0 final_gas_used=46296 is_system_tx=false
2026-03-10T01:07:48.110121Z  INFO bsc::slash_debug: reward_beneficiary per-tx detail block_number=94816403 gas_spent=46284 gas_refunded_raw=0 gas_used_for_fee=46284 effective_gas_price=100000000 tx_fee=4628400000000 balance_before=362072764000000 balance_after=366701164000000 tx_type=0 tx_gas_price=100000000 tx_gas_priority_fee=0
2026-03-10T01:07:48.110131Z  INFO bsc::slash_debug: execution_result gas refund detail block_number=94816403 gas_spent=46284 gas_refunded_in_result=0 gas_refunded=0 final_gas_used=46284 is_system_tx=false
2026-03-10T01:07:48.110152Z  INFO bsc::slash_debug: reward_beneficiary per-tx detail block_number=94816403 gas_spent=35067 gas_refunded_raw=0 gas_used_for_fee=35067 effective_gas_price=100000000 tx_fee=3506700000000 balance_before=366701164000000 balance_after=370207864000000 tx_type=0 tx_gas_price=100000000 tx_gas_priority_fee=0
2026-03-10T01:07:48.110157Z  INFO bsc::slash_debug: execution_result gas refund detail block_number=94816403 gas_spent=35067 gas_refunded_in_result=0 gas_refunded=0 final_gas_used=35067 is_system_tx=false
2026-03-10T01:07:48.110232Z  INFO bsc::slash_debug: reward_beneficiary per-tx detail block_number=94816403 gas_spent=45411 gas_refunded_raw=0 gas_used_for_fee=45411 effective_gas_price=100000000 tx_fee=4541100000000 balance_before=370207864000000 balance_after=374748964000000 tx_type=0 tx_gas_price=100000000 tx_gas_priority_fee=0
2026-03-10T01:07:48.110244Z  INFO bsc::slash_debug: execution_result gas refund detail block_number=94816403 gas_spent=45411 gas_refunded_in_result=0 gas_refunded=0 final_gas_used=45411 is_system_tx=false
2026-03-10T01:07:48.110284Z  INFO bsc::slash_debug: reward_beneficiary per-tx detail block_number=94816403 gas_spent=39904 gas_refunded_raw=0 gas_used_for_fee=39904 effective_gas_price=100000000 tx_fee=3990400000000 balance_before=374748964000000 balance_after=378739364000000 tx_type=0 tx_gas_price=100000000 tx_gas_priority_fee=0
2026-03-10T01:07:48.110293Z  INFO bsc::slash_debug: execution_result gas refund detail block_number=94816403 gas_spent=39904 gas_refunded_in_result=0 gas_refunded=0 final_gas_used=39904 is_system_tx=false
2026-03-10T01:07:48.110351Z  INFO bsc::slash_debug: reward_beneficiary per-tx detail block_number=94816403 gas_spent=129579 gas_refunded_raw=2800 gas_used_for_fee=126779 effective_gas_price=100000000 tx_fee=12677900000000 balance_before=378739364000000 balance_after=391417264000000 tx_type=0 tx_gas_price=100000000 tx_gas_priority_fee=0
2026-03-10T01:07:48.110369Z  INFO bsc::slash_debug: execution_result gas refund detail block_number=94816403 gas_spent=129579 gas_refunded_in_result=2800 gas_refunded=2800 final_gas_used=126779 is_system_tx=false
2026-03-10T01:07:48.110407Z  INFO bsc::slash_debug: reward_beneficiary per-tx detail block_number=94816403 gas_spent=21000 gas_refunded_raw=0 gas_used_for_fee=21000 effective_gas_price=100000000 tx_fee=2100000131072 balance_before=391417264000000 balance_after=393517264131072 tx_type=3 tx_gas_price=100000000 tx_gas_priority_fee=100000000
2026-03-10T01:07:48.110413Z  INFO bsc::slash_debug: execution_result gas refund detail block_number=94816403 gas_spent=21000 gas_refunded_in_result=0 gas_refunded=0 final_gas_used=21000 is_system_tx=false
2026-03-10T01:07:48.110450Z  INFO bsc::slash_debug: post_check_new_block entry state block_number=94816403 parent_hash=0x103362b262e51da6937b4b0984ca9bd0ca2e249d60713b054bf7129cc841ac53 parent_number=Some(94816402) sys_balance_at_post_check=393517264131072 system_txs_count=2 gas_used_so_far=3852084 beneficiary=0x90409f56966b5da954166eb005cb1a8790430ba1 difficulty=1
2026-03-10T01:07:48.110683Z  INFO bsc::evm: Slash spoiled validator block_number=94816403 block_hash=Some(0x93165c722e0c2cd535211954f5ed505b83b1a7c0939743d2edc4f39ab588083c) spoiled_validator=0x798443fb327cad5dfd47ca4ddb15bb876d6c40e0 backoff_validator=0x90409f56966b5da954166eb005cb1a8790430ba1
2026-03-10T01:07:48.110690Z  INFO bsc::slash_debug: distribute_incoming SYSTEM_ADDRESS balance before drain block_number=94816403 sys_balance=393517264131072 is_miner=false validator=0x90409f56966b5da954166eb005cb1a8790430ba1 sys_account_exists=true
2026-03-10T01:07:48.110698Z  INFO bsc::slash_debug: distribute_incoming drained block_reward block_number=94816403 block_reward=393517264131072 is_miner=false
2026-03-10T01:07:48.114773Z  INFO engine::tree: State root task finished state_root=0xf56223ee194152ec14c9692ac8347610dda096c055b66cef8d3f63e7cf7048cb elapsed=2.58743ms
2026-03-10T01:07:48.114969Z  INFO reth_node_events::node: Block added to canonical chain number=94816403 hash=0x93165c722e0c2cd535211954f5ed505b83b1a7c0939743d2edc4f39ab588083c peers=6 txs=63 gas_used=3.95Mgas gas_throughput=258.85Mgas/second gas_limit=100.20Mgas full=3.9% base_fee=0.00Gwei blobs=1 excess_blobs=0 elapsed=15.254217ms
2026-03-10T01:07:48.115371Z  WARN engine::tree: header td not found for block number, just return none current_number=94816401 current_hash=0x19d50fdc91bfef2da8789adac2784c09fa228deb4d4c96f56a093844c68afcec
2026-03-10T01:07:48.115464Z  INFO bsc::forkchoice: Fork choice decision made by fast finality need_reorg=true incoming_number=94816403 incoming_hash=0x93165c722e0c2cd535211954f5ed505b83b1a7c0939743d2edc4f39ab588083c current_number=94816401 current_hash=0x19d50fdc91bfef2da8789adac2784c09fa228deb4d4c96f56a093844c68afcec method="fast_finality"
2026-03-10T01:07:48.115490Z  INFO bsc::forkchoice: Reorg detected and metrics recorded incoming_number=94816403 incoming_hash=0x93165c722e0c2cd535211954f5ed505b83b1a7c0939743d2edc4f39ab588083c current_number=94816401 current_hash=0x19d50fdc91bfef2da8789adac2784c09fa228deb4d4c96f56a093844c68afcec reorg_depth=2
2026-03-10T01:07:48.115783Z  INFO reth_node_events::node: Canonical chain committed number=94816403 hash=0x93165c722e0c2cd535211954f5ed505b83b1a7c0939743d2edc4f39ab588083c elapsed=116.063µs